Archive member included to satisfy reference by file (symbol)

c:/st/stm32cubeide_1.7.0/stm32cubeide/plugins/com.st.stm32cube.ide.mcu.externaltools.gnu-tools-for-stm32.9-2020-q2-update.win32_2.0.0.202105311346/tools/bin/../lib/gcc/arm-none-eabi/9.3.1/../../../../arm-none-eabi/lib/thumb/v7-m/nofp\libc_nano.a(lib_a-errno.o)
                              ./Core/Src/syscalls.o (__errno)
c:/st/stm32cubeide_1.7.0/stm32cubeide/plugins/com.st.stm32cube.ide.mcu.externaltools.gnu-tools-for-stm32.9-2020-q2-update.win32_2.0.0.202105311346/tools/bin/../lib/gcc/arm-none-eabi/9.3.1/../../../../arm-none-eabi/lib/thumb/v7-m/nofp\libc_nano.a(lib_a-exit.o)
                              c:/st/stm32cubeide_1.7.0/stm32cubeide/plugins/com.st.stm32cube.ide.mcu.externaltools.gnu-tools-for-stm32.9-2020-q2-update.win32_2.0.0.202105311346/tools/bin/../lib/gcc/arm-none-eabi/9.3.1/../../../../arm-none-eabi/lib/thumb/v7-m/nofp/crt0.o (exit)
c:/st/stm32cubeide_1.7.0/stm32cubeide/plugins/com.st.stm32cube.ide.mcu.externaltools.gnu-tools-for-stm32.9-2020-q2-update.win32_2.0.0.202105311346/tools/bin/../lib/gcc/arm-none-eabi/9.3.1/../../../../arm-none-eabi/lib/thumb/v7-m/nofp\libc_nano.a(lib_a-impure.o)
                              c:/st/stm32cubeide_1.7.0/stm32cubeide/plugins/com.st.stm32cube.ide.mcu.externaltools.gnu-tools-for-stm32.9-2020-q2-update.win32_2.0.0.202105311346/tools/bin/../lib/gcc/arm-none-eabi/9.3.1/../../../../arm-none-eabi/lib/thumb/v7-m/nofp\libc_nano.a(lib_a-exit.o) (_global_impure_ptr)
c:/st/stm32cubeide_1.7.0/stm32cubeide/plugins/com.st.stm32cube.ide.mcu.externaltools.gnu-tools-for-stm32.9-2020-q2-update.win32_2.0.0.202105311346/tools/bin/../lib/gcc/arm-none-eabi/9.3.1/../../../../arm-none-eabi/lib/thumb/v7-m/nofp\libc_nano.a(lib_a-init.o)
                              c:/st/stm32cubeide_1.7.0/stm32cubeide/plugins/com.st.stm32cube.ide.mcu.externaltools.gnu-tools-for-stm32.9-2020-q2-update.win32_2.0.0.202105311346/tools/bin/../lib/gcc/arm-none-eabi/9.3.1/../../../../arm-none-eabi/lib/thumb/v7-m/nofp/crt0.o (__libc_init_array)
c:/st/stm32cubeide_1.7.0/stm32cubeide/plugins/com.st.stm32cube.ide.mcu.externaltools.gnu-tools-for-stm32.9-2020-q2-update.win32_2.0.0.202105311346/tools/bin/../lib/gcc/arm-none-eabi/9.3.1/../../../../arm-none-eabi/lib/thumb/v7-m/nofp\libc_nano.a(lib_a-memset.o)
                              c:/st/stm32cubeide_1.7.0/stm32cubeide/plugins/com.st.stm32cube.ide.mcu.externaltools.gnu-tools-for-stm32.9-2020-q2-update.win32_2.0.0.202105311346/tools/bin/../lib/gcc/arm-none-eabi/9.3.1/../../../../arm-none-eabi/lib/thumb/v7-m/nofp/crt0.o (memset)
c:/st/stm32cubeide_1.7.0/stm32cubeide/plugins/com.st.stm32cube.ide.mcu.externaltools.gnu-tools-for-stm32.9-2020-q2-update.win32_2.0.0.202105311346/tools/bin/../lib/gcc/arm-none-eabi/9.3.1/../../../../arm-none-eabi/lib/thumb/v7-m/nofp\libc_nano.a(lib_a-puts.o)
                              ./Core/Src/input_processing.o (puts)
c:/st/stm32cubeide_1.7.0/stm32cubeide/plugins/com.st.stm32cube.ide.mcu.externaltools.gnu-tools-for-stm32.9-2020-q2-update.win32_2.0.0.202105311346/tools/bin/../lib/gcc/arm-none-eabi/9.3.1/../../../../arm-none-eabi/lib/thumb/v7-m/nofp\libc_nano.a(lib_a-wbuf.o)
                              c:/st/stm32cubeide_1.7.0/stm32cubeide/plugins/com.st.stm32cube.ide.mcu.externaltools.gnu-tools-for-stm32.9-2020-q2-update.win32_2.0.0.202105311346/tools/bin/../lib/gcc/arm-none-eabi/9.3.1/../../../../arm-none-eabi/lib/thumb/v7-m/nofp\libc_nano.a(lib_a-puts.o) (__swbuf_r)
c:/st/stm32cubeide_1.7.0/stm32cubeide/plugins/com.st.stm32cube.ide.mcu.externaltools.gnu-tools-for-stm32.9-2020-q2-update.win32_2.0.0.202105311346/tools/bin/../lib/gcc/arm-none-eabi/9.3.1/../../../../arm-none-eabi/lib/thumb/v7-m/nofp\libc_nano.a(lib_a-wsetup.o)
                              c:/st/stm32cubeide_1.7.0/stm32cubeide/plugins/com.st.stm32cube.ide.mcu.externaltools.gnu-tools-for-stm32.9-2020-q2-update.win32_2.0.0.202105311346/tools/bin/../lib/gcc/arm-none-eabi/9.3.1/../../../../arm-none-eabi/lib/thumb/v7-m/nofp\libc_nano.a(lib_a-puts.o) (__swsetup_r)
c:/st/stm32cubeide_1.7.0/stm32cubeide/plugins/com.st.stm32cube.ide.mcu.externaltools.gnu-tools-for-stm32.9-2020-q2-update.win32_2.0.0.202105311346/tools/bin/../lib/gcc/arm-none-eabi/9.3.1/../../../../arm-none-eabi/lib/thumb/v7-m/nofp\libc_nano.a(lib_a-fflush.o)
                              c:/st/stm32cubeide_1.7.0/stm32cubeide/plugins/com.st.stm32cube.ide.mcu.externaltools.gnu-tools-for-stm32.9-2020-q2-update.win32_2.0.0.202105311346/tools/bin/../lib/gcc/arm-none-eabi/9.3.1/../../../../arm-none-eabi/lib/thumb/v7-m/nofp\libc_nano.a(lib_a-wbuf.o) (_fflush_r)
c:/st/stm32cubeide_1.7.0/stm32cubeide/plugins/com.st.stm32cube.ide.mcu.externaltools.gnu-tools-for-stm32.9-2020-q2-update.win32_2.0.0.202105311346/tools/bin/../lib/gcc/arm-none-eabi/9.3.1/../../../../arm-none-eabi/lib/thumb/v7-m/nofp\libc_nano.a(lib_a-findfp.o)
[...]
Memory Configuration

Name             Origin             Length             Attributes
RAM              0x0000000020000000 0x0000000000002800 xrw
FLASH            0x0000000008000000 0x0000000000008000 xr
*default*        0x0000000000000000 0xffffffffffffffff

Linker script and memory map

LOAD c:/st/stm32cubeide_1.7.0/stm32cubeide/plugins/com.st.stm32cube.ide.mcu.externaltools.gnu-tools-for-stm32.9-2020-q2-update.win32_2.0.0.202105311346/tools/bin/../lib/gcc/arm-none-eabi/9.3.1/thumb/v7-m/nofp/crti.o
LOAD c:/st/stm32cubeide_1.7.0/stm32cubeide/plugins/com.st.stm32cube.ide.mcu.externaltools.gnu-tools-for-stm32.9-2020-q2-update.win32_2.0.0.202105311346/tools/bin/../lib/gcc/arm-none-eabi/9.3.1/thumb/v7-m/nofp/crtbegin.o
LOAD c:/st/stm32cubeide_1.7.0/stm32cubeide/plugins/com.st.stm32cube.ide.mcu.externaltools.gnu-tools-for-stm32.9-2020-q2-update.win32_2.0.0.202105311346/tools/bin/../lib/gcc/arm-none-eabi/9.3.1/../../../../arm-none-eabi/lib/thumb/v7-m/nofp/crt0.o
LOAD ./Core/Src/global.o
LOAD ./Core/Src/input_processing.o
LOAD ./Core/Src/input_reading.o
LOAD ./Core/Src/led7seg.o
LOAD ./Core/Src/main.o
LOAD ./Core/Src/output_display.o
LOAD ./Core/Src/software_timer.o
LOAD ./Core/Src/stm32f1xx_hal_msp.o
LOAD ./Core/Src/stm32f1xx_it.o
LOAD ./Core/Src/syscalls.o
LOAD ./Core/Src/sysmem.o
LOAD ./Core/Src/system_stm32f1xx.o
LOAD ./Core/Src/timer.o
LOAD ./Core/Src/traffic_light_processing.o
LOAD ./Core/Startup/startup_stm32f103c6ux.o
LOAD ./Drivers/STM32F1xx_HAL_Driver/Src/stm32f1xx_hal.o
LOAD ./Drivers/STM32F1xx_HAL_Driver/Src/stm32f1xx_hal_cortex.o
LOAD ./Drivers/STM32F1xx_HAL_Driver/Src/stm32f1xx_hal_dma.o
LOAD ./Drivers/STM32F1xx_HAL_Driver/Src/stm32f1xx_hal_exti.o
LOAD ./Drivers/STM32F1xx_HAL_Driver/Src/stm32f1xx_hal_flash.o
LOAD ./Drivers/STM32F1xx_HAL_Driver/Src/stm32f1xx_hal_flash_ex.o
LOAD ./Drivers/STM32F1xx_HAL_Driver/Src/stm32f1xx_hal_gpio.o
LOAD ./Drivers/STM32F1xx_HAL_Driver/Src/stm32f1xx_hal_gpio_ex.o
LOAD ./Drivers/STM32F1xx_HAL_Driver/Src/stm32f1xx_hal_pwr.o
LOAD ./Drivers/STM32F1xx_HAL_Driver/Src/stm32f1xx_hal_rcc.o
LOAD ./Drivers/STM32F1xx_HAL_Driver/Src/stm32f1xx_hal_rcc_ex.o
LOAD ./Drivers/STM32F1xx_HAL_Driver/Src/stm32f1xx_hal_tim.o
LOAD ./Drivers/STM32F1xx_HAL_Driver/Src/stm32f1xx_hal_tim_ex.o
LOAD ./Drivers/STM32F1xx_HAL_Driver/Src/stm32f1xx_hal_uart.o
START GROUP
LOAD c:/st/stm32cubeide_1.7.0/stm32cubeide/plugins/com.st.stm32cube.ide.mcu.externaltools.gnu-tools-for-stm32.9-2020-q2-update.win32_2.0.0.202105311346/tools/bin/../lib/gcc/arm-none-eabi/9.3.1/../../../../arm-none-eabi/lib/thumb/v7-m/nofp\libc_nano.a
LOAD c:/st/stm32cubeide_1.7.0/stm32cubeide/plugins/com.st.stm32cube.ide.mcu.externaltools.gnu-tools-for-stm32.9-2020-q2-update.win32_2.0.0.202105311346/tools/bin/../lib/gcc/arm-none-eabi/9.3.1/../../../../arm-none-eabi/lib/thumb/v7-m/nofp\libm.a
END GROUP
START GROUP
LOAD c:/st/stm32cubeide_1.7.0/stm32cubeide/plugins/com.st.stm32cube.ide.mcu.externaltools.gnu-tools-for-stm32.9-2020-q2-update.win32_2.0.0.202105311346/tools/bin/../lib/gcc/arm-none-eabi/9.3.1/thumb/v7-m/nofp\libgcc.a
LOAD c:/st/stm32cubeide_1.7.0/stm32cubeide/plugins/com.st.stm32cube.ide.mcu.externaltools.gnu-tools-for-stm32.9-2020-q2-update.win32_2.0.0.202105311346/tools/bin/../lib/gcc/arm-none-eabi/9.3.1/../../../../arm-none-eabi/lib/thumb/v7-m/nofp\libc_nano.a
END GROUP
START GROUP
LOAD c:/st/stm32cubeide_1.7.0/stm32cubeide/plugins/com.st.stm32cube.ide.mcu.externaltools.gnu-tools-for-stm32.9-2020-q2-update.win32_2.0.0.202105311346/tools/bin/../lib/gcc/arm-none-eabi/9.3.1/thumb/v7-m/nofp\libgcc.a
LOAD c:/st/stm32cubeide_1.7.0/stm32cubeide/plugins/com.st.stm32cube.ide.mcu.externaltools.gnu-tools-for-stm32.9-2020-q2-update.win32_2.0.0.202105311346/tools/bin/../lib/gcc/arm-none-eabi/9.3.1/../../../../arm-none-eabi/lib/thumb/v7-m/nofp\libc_nano.a
LOAD c:/st/stm32cubeide_1.7.0/stm32cubeide/plugins/com.st.stm32cube.ide.mcu.externaltools.gnu-tools-for-stm32.9-2020-q2-update.win32_2.0.0.202105311346/tools/bin/../lib/gcc/arm-none-eabi/9.3.1/../../../../arm-none-eabi/lib/thumb/v7-m/nofp\libnosys.a
END GROUP
START GROUP
LOAD c:/st/stm32cubeide_1.7.0/stm32cubeide/plugins/com.st.stm32cube.ide.mcu.externaltools.gnu-tools-for-stm32.9-2020-q2-update.win32_2.0.0.202105311346/tools/bin/../lib/gcc/arm-none-eabi/9.3.1/thumb/v7-m/nofp\libgcc.a
LOAD c:/st/stm32cubeide_1.7.0/stm32cubeide/plugins/com.st.stm32cube.ide.mcu.externaltools.gnu-tools-for-stm32.9-2020-q2-update.win32_2.0.0.202105311346/tools/bin/../lib/gcc/arm-none-eabi/9.3.1/../../../../arm-none-eabi/lib/thumb/v7-m/nofp\libc_nano.a
LOAD c:/st/stm32cubeide_1.7.0/stm32cubeide/plugins/com.st.stm32cube.ide.mcu.externaltools.gnu-tools-for-stm32.9-2020-q2-update.win32_2.0.0.202105311346/tools/bin/../lib/gcc/arm-none-eabi/9.3.1/../../../../arm-none-eabi/lib/thumb/v7-m/nofp\libnosys.a
END GROUP
LOAD c:/st/stm32cubeide_1.7.0/stm32cubeide/plugins/com.st.stm32cube.ide.mcu.externaltools.gnu-tools-for-stm32.9-2020-q2-update.win32_2.0.0.202105311346/tools/bin/../lib/gcc/arm-none-eabi/9.3.1/thumb/v7-m/nofp/crtend.o
LOAD c:/st/stm32cubeide_1.7.0/stm32cubeide/plugins/com.st.stm32cube.ide.mcu.externaltools.gnu-tools-for-stm32.9-2020-q2-update.win32_2.0.0.202105311346/tools/bin/../lib/gcc/arm-none-eabi/9.3.1/thumb/v7-m/nofp/crtn.o
                0x0000000020002800                _estack = (ORIGIN (RAM) + LENGTH (RAM))
                0x0000000000000200                _Min_Heap_Size = 0x200
                0x0000000000000400                _Min_Stack_Size = 0x400

.isr_vector     0x0000000008000000      0x10c
                0x0000000008000000                . = ALIGN (0x4)
 *(.isr_vector)
 .isr_vector    0x0000000008000000      0x10c ./Core/Startup/startup_stm32f103c6ux.o
                0x0000000008000000                g_pfnVectors
                0x000000000800010c                . = ALIGN (0x4)

.text           0x000000000800010c     0x3640
                0x000000000800010c                . = ALIGN (0x4)
 *(.text)
 .text          0x000000000800010c       0x40 c:/st/stm32cubeide_1.7.0/stm32cubeide/plugins/com.st.stm32cube.ide.mcu.externaltools.gnu-tools-for-stm32.9-2020-q2-update.win32_2.0.0.202105311346/tools/bin/../lib/gcc/arm-none-eabi/9.3.1/thumb/v7-m/nofp/crtbegin.o
 *(.text*)
 .text.WhichButtonIsPressed
                0x000000000800014c       0x4a ./Core/Src/input_processing.o
                0x000000000800014c                WhichButtonIsPressed
 *fill*         0x0000000008000196        0x2 
 .text.fsm_for_input_processing
                0x0000000008000198      0x23c ./Core/Src/input_processing.o
                0x0000000008000198                fsm_for_input_processing
 .text.button_reading
                0x00000000080003d4      0x100 ./Core/Src/input_reading.o
                0x00000000080003d4                button_reading
 .text.is_button_pressed
                0x00000000080004d4       0x44 ./Core/Src/input_reading.o
                0x00000000080004d4                is_button_pressed
 .text.is_button_pressed_1s
                0x0000000008000518       0x34 ./Core/Src/input_reading.o
                0x0000000008000518                is_button_pressed_1s
 .text.update_buffer
                0x000000000800054c       0xbc ./Core/Src/led7seg.o
                0x000000000800054c                update_buffer
 .text.led_init
                0x0000000008000608       0x18 ./Core/Src/led7seg.o
                0x0000000008000608                led_init
 .text.update7SEG
                0x0000000008000620      0x108 ./Core/Src/led7seg.o
                0x0000000008000620                update7SEG
 .text.display7SEG
                0x0000000008000728       0x2c ./Core/Src/led7seg.o
                0x0000000008000728                display7SEG
 .text.displayMode
                0x0000000008000754       0x30 ./Core/Src/led7seg.o
                0x0000000008000754                displayMode
 .text.main     0x0000000008000784       0x60 ./Core/Src/main.o
                0x0000000008000784                main
 .text.SystemClock_Config
                0x00000000080007e4       0x76 ./Core/Src/main.o
                0x00000000080007e4                SystemClock_Config
 *fill*         0x000000000800085a        0x2 
 .text.MX_TIM2_Init
                0x000000000800085c       0x98 ./Core/Src/main.o
 .text.MX_USART1_UART_Init
                0x00000000080008f4       0x54 ./Core/Src/main.o
 .text.MX_GPIO_Init
                0x0000000008000948       0xdc ./Core/Src/main.o
 .text.Error_Handler
                0x0000000008000a24        0xa ./Core/Src/main.o
                0x0000000008000a24                Error_Handler
 *fill*         0x0000000008000a2e        0x2 
 .text._write   0x0000000008000a30       0x2c ./Core/Src/output_display.o
                0x0000000008000a30                _write
 .text.setTimer1
                0x0000000008000a5c       0x34 ./Core/Src/software_timer.o
                0x0000000008000a5c                setTimer1
 .text.setTimer2
                0x0000000008000a90       0x34 ./Core/Src/software_timer.o
                0x0000000008000a90                setTimer2
 .text.setTimer3
                0x0000000008000ac4       0x34 ./Core/Src/software_timer.o
                0x0000000008000ac4                setTimer3
 .text.timerRun
                0x0000000008000af8       0xd4 ./Core/Src/software_timer.o
                0x0000000008000af8                timerRun
 .text.HAL_MspInit
                0x0000000008000bcc       0x64 ./Core/Src/stm32f1xx_hal_msp.o
                0x0000000008000bcc                HAL_MspInit
 .text.HAL_TIM_Base_MspInit
                0x0000000008000c30       0x48 ./Core/Src/stm32f1xx_hal_msp.o
                0x0000000008000c30                HAL_TIM_Base_MspInit
 .text.HAL_UART_MspInit
                0x0000000008000c78       0x98 ./Core/Src/stm32f1xx_hal_msp.o
                0x0000000008000c78                HAL_UART_MspInit
 .text.NMI_Handler
                0x0000000008000d10        0x6 ./Core/Src/stm32f1xx_it.o
                0x0000000008000d10                NMI_Handler
 .text.HardFault_Handler
                0x0000000008000d16        0x6 ./Core/Src/stm32f1xx_it.o
                0x0000000008000d16                HardFault_Handler
 .text.MemManage_Handler
                0x0000000008000d1c        0x6 ./Core/Src/stm32f1xx_it.o
                0x0000000008000d1c                MemManage_Handler
 .text.BusFault_Handler
                0x0000000008000d22        0x6 ./Core/Src/stm32f1xx_it.o
                0x0000000008000d22                BusFault_Handler
 .text.UsageFault_Handler
                0x0000000008000d28        0x6 ./Core/Src/stm32f1xx_it.o
                0x0000000008000d28                UsageFault_Handler
 .text.SVC_Handler
                0x0000000008000d2e        0xc ./Core/Src/stm32f1xx_it.o
                0x0000000008000d2e                SVC_Handler
 .text.DebugMon_Handler
                0x0000000008000d3a        0xc ./Core/Src/stm32f1xx_it.o
                0x0000000008000d3a                DebugMon_Handler
 .text.PendSV_Handler
                0x0000000008000d46        0xc ./Core/Src/stm32f1xx_it.o
                0x0000000008000d46                PendSV_Handler
 .text.SysTick_Handler
                0x0000000008000d52        0xc ./Core/Src/stm32f1xx_it.o
                0x0000000008000d52                SysTick_Handler
 *fill*         0x0000000008000d5e        0x2 
 .text.TIM2_IRQHandler
                0x0000000008000d60       0x14 ./Core/Src/stm32f1xx_it.o
                0x0000000008000d60                TIM2_IRQHandler
 .text._read    0x0000000008000d74       0x3a ./Core/Src/syscalls.o
                0x0000000008000d74                _read
 .text._close   0x0000000008000dae       0x16 ./Core/Src/syscalls.o
                0x0000000008000dae                _close
 .text._fstat   0x0000000008000dc4       0x1e ./Core/Src/syscalls.o
                0x0000000008000dc4                _fstat
 .text._isatty  0x0000000008000de2       0x14 ./Core/Src/syscalls.o
                0x0000000008000de2                _isatty
 .text._lseek   0x0000000008000df6       0x18 ./Core/Src/syscalls.o
                0x0000000008000df6                _lseek
 *fill*         0x0000000008000e0e        0x2 
 .text._sbrk    0x0000000008000e10       0x6c ./Core/Src/sysmem.o
                0x0000000008000e10                _sbrk
 .text.SystemInit
                0x0000000008000e7c        0xc ./Core/Src/system_stm32f1xx.o
                0x0000000008000e7c                SystemInit
 .text.HAL_TIM_PeriodElapsedCallback
                0x0000000008000e88       0x26 ./Core/Src/timer.o
                0x0000000008000e88                HAL_TIM_PeriodElapsedCallback
 *fill*         0x0000000008000eae        0x2 
 .text.traffic_init
                0x0000000008000eb0       0x44 ./Core/Src/traffic_light_processing.o
                0x0000000008000eb0                traffic_init
 .text.updateTempTime
                0x0000000008000ef4       0xa0 ./Core/Src/traffic_light_processing.o
                0x0000000008000ef4                updateTempTime
 .text.confirmAdjustedTime
                0x0000000008000f94       0x90 ./Core/Src/traffic_light_processing.o
                0x0000000008000f94                confirmAdjustedTime
 .text.resetToTheDefaultSetting
                0x0000000008001024       0x58 ./Core/Src/traffic_light_processing.o
                0x0000000008001024                resetToTheDefaultSetting
 .text.normal_running_traffic_light
                0x000000000800107c      0x210 ./Core/Src/traffic_light_processing.o
                0x000000000800107c                normal_running_traffic_light
 .text.traffic_light_processing
                0x000000000800128c       0xa4 ./Core/Src/traffic_light_processing.o
                0x000000000800128c                traffic_light_processing
 .text.Reset_Handler
                0x0000000008001330       0x48 ./Core/Startup/startup_stm32f103c6ux.o
                0x0000000008001330                Reset_Handler
 .text.Default_Handler
                0x0000000008001378        0x2 ./Core/Startup/startup_stm32f103c6ux.o
                0x0000000008001378                RTC_Alarm_IRQHandler
                0x0000000008001378                EXTI2_IRQHandler
                0x0000000008001378                TIM1_CC_IRQHandler
                0x0000000008001378                PVD_IRQHandler
                0x0000000008001378                EXTI3_IRQHandler
                0x0000000008001378                EXTI0_IRQHandler
                0x0000000008001378                ADC1_2_IRQHandler
                0x0000000008001378                SPI1_IRQHandler
                0x0000000008001378                TAMPER_IRQHandler
                0x0000000008001378                DMA1_Channel4_IRQHandler
                0x0000000008001378                RTC_IRQHandler
                0x0000000008001378                DMA1_Channel7_IRQHandler
                0x0000000008001378                CAN1_RX1_IRQHandler
                0x0000000008001378                I2C1_EV_IRQHandler
                0x0000000008001378                DMA1_Channel6_IRQHandler
                0x0000000008001378                TIM3_IRQHandler
                0x0000000008001378                RCC_IRQHandler
                0x0000000008001378                TIM1_TRG_COM_IRQHandler
                0x0000000008001378                DMA1_Channel1_IRQHandler
                0x0000000008001378                Default_Handler
                0x0000000008001378                EXTI15_10_IRQHandler
                0x0000000008001378                EXTI9_5_IRQHandler
                0x0000000008001378                DMA1_Channel5_IRQHandler
                0x0000000008001378                EXTI4_IRQHandler
                0x0000000008001378                USB_LP_CAN1_RX0_IRQHandler
                0x0000000008001378                USB_HP_CAN1_TX_IRQHandler
                0x0000000008001378                DMA1_Channel3_IRQHandler
                0x0000000008001378                TIM1_UP_IRQHandler
                0x0000000008001378                WWDG_IRQHandler
                0x0000000008001378                TIM1_BRK_IRQHandler
                0x0000000008001378                EXTI1_IRQHandler
                0x0000000008001378                USART2_IRQHandler
                0x0000000008001378                DMA1_Channel2_IRQHandler
                0x0000000008001378                CAN1_SCE_IRQHandler
                0x0000000008001378                FLASH_IRQHandler
                0x0000000008001378                USART1_IRQHandler
                0x0000000008001378                I2C1_ER_IRQHandler
                0x0000000008001378                USBWakeUp_IRQHandler
 *fill*         0x000000000800137a        0x2 
 .text.HAL_Init
                0x000000000800137c       0x2c ./Drivers/STM32F1xx_HAL_Driver/Src/stm32f1xx_hal.o
                0x000000000800137c                HAL_Init
 .text.HAL_InitTick
                0x00000000080013a8       0x60 ./Drivers/STM32F1xx_HAL_Driver/Src/stm32f1xx_hal.o
                0x00000000080013a8                HAL_InitTick
 .text.HAL_IncTick
                0x0000000008001408       0x24 ./Drivers/STM32F1xx_HAL_Driver/Src/stm32f1xx_hal.o
                0x0000000008001408                HAL_IncTick
 .text.HAL_GetTick
                0x000000000800142c       0x14 ./Drivers/STM32F1xx_HAL_Driver/Src/stm32f1xx_hal.o
                0x000000000800142c                HAL_GetTick
 .text.__NVIC_SetPriorityGrouping
                0x0000000008001440       0x48 ./Drivers/STM32F1xx_HAL_Driver/Src/stm32f1xx_hal_cortex.o
 .text.__NVIC_GetPriorityGrouping
                0x0000000008001488       0x1c ./Drivers/STM32F1xx_HAL_Driver/Src/stm32f1xx_hal_cortex.o
 .text.__NVIC_EnableIRQ
                0x00000000080014a4       0x38 ./Drivers/STM32F1xx_HAL_Driver/Src/stm32f1xx_hal_cortex.o
 .text.__NVIC_SetPriority
                0x00000000080014dc       0x54 ./Drivers/STM32F1xx_HAL_Driver/Src/stm32f1xx_hal_cortex.o
 .text.NVIC_EncodePriority
                0x0000000008001530       0x64 ./Drivers/STM32F1xx_HAL_Driver/Src/stm32f1xx_hal_cortex.o
 .text.SysTick_Config
                0x0000000008001594       0x44 ./Drivers/STM32F1xx_HAL_Driver/Src/stm32f1xx_hal_cortex.o
 .text.HAL_NVIC_SetPriorityGrouping
                0x00000000080015d8       0x16 ./Drivers/STM32F1xx_HAL_Driver/Src/stm32f1xx_hal_cortex.o
                0x00000000080015d8                HAL_NVIC_SetPriorityGrouping
 .text.HAL_NVIC_SetPriority
                0x00000000080015ee       0x38 ./Drivers/STM32F1xx_HAL_Driver/Src/stm32f1xx_hal_cortex.o
                0x00000000080015ee                HAL_NVIC_SetPriority
 .text.HAL_NVIC_EnableIRQ
                0x0000000008001626       0x1c ./Drivers/STM32F1xx_HAL_Driver/Src/stm32f1xx_hal_cortex.o
                0x0000000008001626                HAL_NVIC_EnableIRQ
 .text.HAL_SYSTICK_Config
                0x0000000008001642       0x18 ./Drivers/STM32F1xx_HAL_Driver/Src/stm32f1xx_hal_cortex.o
                0x0000000008001642                HAL_SYSTICK_Config
 *fill*         0x000000000800165a        0x2 
 .text.HAL_GPIO_Init
                0x000000000800165c      0x2f4 ./Drivers/STM32F1xx_HAL_Driver/Src/stm32f1xx_hal_gpio.o
                0x000000000800165c                HAL_GPIO_Init
 .text.HAL_GPIO_ReadPin
                0x0000000008001950       0x2e ./Drivers/STM32F1xx_HAL_Driver/Src/stm32f1xx_hal_gpio.o
                0x0000000008001950                HAL_GPIO_ReadPin
 .text.HAL_GPIO_WritePin
                0x000000000800197e       0x30 ./Drivers/STM32F1xx_HAL_Driver/Src/stm32f1xx_hal_gpio.o
                0x000000000800197e                HAL_GPIO_WritePin
 .text.HAL_GPIO_TogglePin
                0x00000000080019ae       0x32 ./Drivers/STM32F1xx_HAL_Driver/Src/stm32f1xx_hal_gpio.o
                0x00000000080019ae                HAL_GPIO_TogglePin
 .text.HAL_RCC_OscConfig
                0x00000000080019e0      0x500 ./Drivers/STM32F1xx_HAL_Driver/Src/stm32f1xx_hal_rcc.o
                0x00000000080019e0                HAL_RCC_OscConfig
 .text.HAL_RCC_ClockConfig
                0x0000000008001ee0      0x1d4 ./Drivers/STM32F1xx_HAL_Driver/Src/stm32f1xx_hal_rcc.o
                0x0000000008001ee0                HAL_RCC_ClockConfig
 .text.HAL_RCC_GetSysClockFreq
                0x00000000080020b4       0xc0 ./Drivers/STM32F1xx_HAL_Driver/Src/stm32f1xx_hal_rcc.o
                0x00000000080020b4                HAL_RCC_GetSysClockFreq
 .text.HAL_RCC_GetHCLKFreq
                0x0000000008002174       0x14 ./Drivers/STM32F1xx_HAL_Driver/Src/stm32f1xx_hal_rcc.o
                0x0000000008002174                HAL_RCC_GetHCLKFreq
 .text.HAL_RCC_GetPCLK1Freq
                0x0000000008002188       0x28 ./Drivers/STM32F1xx_HAL_Driver/Src/stm32f1xx_hal_rcc.o
                0x0000000008002188                HAL_RCC_GetPCLK1Freq
 .text.HAL_RCC_GetPCLK2Freq
                0x00000000080021b0       0x28 ./Drivers/STM32F1xx_HAL_Driver/Src/stm32f1xx_hal_rcc.o
                0x00000000080021b0                HAL_RCC_GetPCLK2Freq
 .text.RCC_Delay
                0x00000000080021d8       0x3c ./Drivers/STM32F1xx_HAL_Driver/Src/stm32f1xx_hal_rcc.o
 .text.HAL_TIM_Base_Init
                0x0000000008002214       0x9e ./Drivers/STM32F1xx_HAL_Driver/Src/stm32f1xx_hal_tim.o
                0x0000000008002214                HAL_TIM_Base_Init
 *fill*         0x00000000080022b2        0x2 
 .text.HAL_TIM_Base_Start_IT
                0x00000000080022b4       0x98 ./Drivers/STM32F1xx_HAL_Driver/Src/stm32f1xx_hal_tim.o
                0x00000000080022b4                HAL_TIM_Base_Start_IT
 .text.HAL_TIM_IRQHandler
                0x000000000800234c      0x210 ./Drivers/STM32F1xx_HAL_Driver/Src/stm32f1xx_hal_tim.o
                0x000000000800234c                HAL_TIM_IRQHandler
 .text.HAL_TIM_ConfigClockSource
                0x000000000800255c      0x188 ./Drivers/STM32F1xx_HAL_Driver/Src/stm32f1xx_hal_tim.o
                0x000000000800255c                HAL_TIM_ConfigClockSource
 .text.HAL_TIM_OC_DelayElapsedCallback
                0x00000000080026e4       0x12 ./Drivers/STM32F1xx_HAL_Driver/Src/stm32f1xx_hal_tim.o
                0x00000000080026e4                HAL_TIM_OC_DelayElapsedCallback
 .text.HAL_TIM_IC_CaptureCallback
                0x00000000080026f6       0x12 ./Drivers/STM32F1xx_HAL_Driver/Src/stm32f1xx_hal_tim.o
                0x00000000080026f6                HAL_TIM_IC_CaptureCallback
 .text.HAL_TIM_PWM_PulseFinishedCallback
                0x0000000008002708       0x12 ./Drivers/STM32F1xx_HAL_Driver/Src/stm32f1xx_hal_tim.o
                0x0000000008002708                HAL_TIM_PWM_PulseFinishedCallback
 .text.HAL_TIM_TriggerCallback
                0x000000000800271a       0x12 ./Drivers/STM32F1xx_HAL_Driver/Src/stm32f1xx_hal_tim.o
                0x000000000800271a                HAL_TIM_TriggerCallback
 .text.TIM_Base_SetConfig
                0x000000000800272c       0xb0 ./Drivers/STM32F1xx_HAL_Driver/Src/stm32f1xx_hal_tim.o
                0x000000000800272c                TIM_Base_SetConfig
 .text.TIM_TI1_ConfigInputStage
                0x00000000080027dc       0x5c ./Drivers/STM32F1xx_HAL_Driver/Src/stm32f1xx_hal_tim.o
 .text.TIM_TI2_ConfigInputStage
                0x0000000008002838       0x5e ./Drivers/STM32F1xx_HAL_Driver/Src/stm32f1xx_hal_tim.o
 .text.TIM_ITRx_SetConfig
                0x0000000008002896       0x34 ./Drivers/STM32F1xx_HAL_Driver/Src/stm32f1xx_hal_tim.o
 .text.TIM_ETR_SetConfig
                0x00000000080028ca       0x3e ./Drivers/STM32F1xx_HAL_Driver/Src/stm32f1xx_hal_tim.o
                0x00000000080028ca                TIM_ETR_SetConfig
 .text.HAL_TIMEx_MasterConfigSynchronization
                0x0000000008002908       0xb0 ./Drivers/STM32F1xx_HAL_Driver/Src/stm32f1xx_hal_tim_ex.o
                0x0000000008002908                HAL_TIMEx_MasterConfigSynchronization
 .text.HAL_TIMEx_CommutCallback
                0x00000000080029b8       0x12 ./Drivers/STM32F1xx_HAL_Driver/Src/stm32f1xx_hal_tim_ex.o
                0x00000000080029b8                HAL_TIMEx_CommutCallback
 .text.HAL_TIMEx_BreakCallback
                0x00000000080029ca       0x12 ./Drivers/STM32F1xx_HAL_Driver/Src/stm32f1xx_hal_tim_ex.o
                0x00000000080029ca                HAL_TIMEx_BreakCallback
 .text.HAL_UART_Init
                0x00000000080029dc       0x9a ./Drivers/STM32F1xx_HAL_Driver/Src/stm32f1xx_hal_uart.o
                0x00000000080029dc                HAL_UART_Init
 .text.HAL_UART_Transmit
                0x0000000008002a76      0x124 ./Drivers/STM32F1xx_HAL_Driver/Src/stm32f1xx_hal_uart.o
                0x0000000008002a76                HAL_UART_Transmit
 .text.UART_WaitOnFlagUntilTimeout
                0x0000000008002b9a       0x94 ./Drivers/STM32F1xx_HAL_Driver/Src/stm32f1xx_hal_uart.o
 *fill*         0x0000000008002c2e        0x2 
 .text.UART_SetConfig
                0x0000000008002c30      0x11c ./Drivers/STM32F1xx_HAL_Driver/Src/stm32f1xx_hal_uart.o
 .text.__errno  0x0000000008002d4c        0xc c:/st/stm32cubeide_1.7.0/stm32cubeide/plugins/com.st.stm32cube.ide.mcu.externaltools.gnu-tools-for-stm32.9-2020-q2-update.win32_2.0.0.202105311346/tools/bin/../lib/gcc/arm-none-eabi/9.3.1/../../../../arm-none-eabi/lib/thumb/v7-m/nofp\libc_nano.a(lib_a-errno.o)
                0x0000000008002d4c                __errno
 .text.__libc_init_array
                0x0000000008002d58       0x48 c:/st/stm32cubeide_1.7.0/stm32cubeide/plugins/com.st.stm32cube.ide.mcu.externaltools.gnu-tools-for-stm32.9-2020-q2-update.win32_2.0.0.202105311346/tools/bin/../lib/gcc/arm-none-eabi/9.3.1/../../../../arm-none-eabi/lib/thumb/v7-m/nofp\libc_nano.a(lib_a-init.o)
                0x0000000008002d58                __libc_init_array
 .text.memset   0x0000000008002da0       0x10 c:/st/stm32cubeide_1.7.0/stm32cubeide/plugins/com.st.stm32cube.ide.mcu.externaltools.gnu-tools-for-stm32.9-2020-q2-update.win32_2.0.0.202105311346/tools/bin/../lib/gcc/arm-none-eabi/9.3.1/../../../../arm-none-eabi/lib/thumb/v7-m/nofp\libc_nano.a(lib_a-memset.o)
                0x0000000008002da0                memset
 .text._puts_r  0x0000000008002db0       0xdc c:/st/stm32cubeide_1.7.0/stm32cubeide/plugins/com.st.stm32cube.ide.mcu.externaltools.gnu-tools-for-stm32.9-2020-q2-update.win32_2.0.0.202105311346/tools/bin/../lib/gcc/arm-none-eabi/9.3.1/../../../../arm-none-eabi/lib/thumb/v7-m/nofp\libc_nano.a(lib_a-puts.o)
                0x0000000008002db0                _puts_r
 .text.puts     0x0000000008002e8c       0x10 c:/st/stm32cubeide_1.7.0/stm32cubeide/plugins/com.st.stm32cube.ide.mcu.externaltools.gnu-tools-for-stm32.9-2020-q2-update.win32_2.0.0.202105311346/tools/bin/../lib/gcc/arm-none-eabi/9.3.1/../../../../arm-none-eabi/lib/thumb/v7-m/nofp\libc_nano.a(lib_a-puts.o)
                0x0000000008002e8c                puts
 .text.__swbuf_r
                0x0000000008002e9c       0xa4 c:/st/stm32cubeide_1.7.0/stm32cubeide/plugins/com.st.stm32cube.ide.mcu.externaltools.gnu-tools-for-stm32.9-2020-q2-update.win32_2.0.0.202105311346/tools/bin/../lib/gcc/arm-none-eabi/9.3.1/../../../../arm-none-eabi/lib/thumb/v7-m/nofp\libc_nano.a(lib_a-wbuf.o)
                0x0000000008002e9c                __swbuf_r
 .text.__swsetup_r
                0x0000000008002f40       0xdc c:/st/stm32cubeide_1.7.0/stm32cubeide/plugins/com.st.stm32cube.ide.mcu.externaltools.gnu-tools-for-stm32.9-2020-q2-update.win32_2.0.0.202105311346/tools/bin/../lib/gcc/arm-none-eabi/9.3.1/../../../../arm-none-eabi/lib/thumb/v7-m/nofp\libc_nano.a(lib_a-wsetup.o)
                0x0000000008002f40                __swsetup_r
 .text.__sflush_r
                0x000000000800301c      0x10c c:/st/stm32cubeide_1.7.0/stm32cubeide/plugins/com.st.stm32cube.ide.mcu.externaltools.gnu-tools-for-stm32.9-2020-q2-update.win32_2.0.0.202105311346/tools/bin/../lib/gcc/arm-none-eabi/9.3.1/../../../../arm-none-eabi/lib/thumb/v7-m/nofp\libc_nano.a(lib_a-fflush.o)
                0x000000000800301c                __sflush_r
 .text._fflush_r
                0x0000000008003128       0x78 c:/st/stm32cubeide_1.7.0/stm32cubeide/plugins/com.st.stm32cube.ide.mcu.externaltools.gnu-tools-for-stm32.9-2020-q2-update.win32_2.0.0.202105311346/tools/bin/../lib/gcc/arm-none-eabi/9.3.1/../../../../arm-none-eabi/lib/thumb/v7-m/nofp\libc_nano.a(lib_a-fflush.o)
                0x0000000008003128                _fflush_r
 .text.std      0x00000000080031a0       0x48 c:/st/stm32cubeide_1.7.0/stm32cubeide/plugins/com.st.stm32cube.ide.mcu.externaltools.gnu-tools-for-stm32.9-2020-q2-update.win32_2.0.0.202105311346/tools/bin/../lib/gcc/arm-none-eabi/9.3.1/../../../../arm-none-eabi/lib/thumb/v7-m/nofp\libc_nano.a(lib_a-findfp.o)
 .text._cleanup_r
                0x00000000080031e8        0xc c:/st/stm32cubeide_1.7.0/stm32cubeide/plugins/com.st.stm32cube.ide.mcu.externaltools.gnu-tools-for-stm32.9-2020-q2-update.win32_2.0.0.202105311346/tools/bin/../lib/gcc/arm-none-eabi/9.3.1/../../../../arm-none-eabi/lib/thumb/v7-m/nofp\libc_nano.a(lib_a-findfp.o)
                0x00000000080031e8                _cleanup_r
 .text.__sfmoreglue
                0x00000000080031f4       0x2c c:/st/stm32cubeide_1.7.0/stm32cubeide/plugins/com.st.stm32cube.ide.mcu.externaltools.gnu-tools-for-stm32.9-2020-q2-update.win32_2.0.0.202105311346/tools/bin/../lib/gcc/arm-none-eabi/9.3.1/../../../../arm-none-eabi/lib/thumb/v7-m/nofp\libc_nano.a(lib_a-findfp.o)
                0x00000000080031f4                __sfmoreglue
 .text.__sfp_lock_acquire
                0x0000000008003220        0xc c:/st/stm32cubeide_1.7.0/stm32cubeide/plugins/com.st.stm32cube.ide.mcu.externaltools.gnu-tools-for-stm32.9-2020-q2-update.win32_2.0.0.202105311346/tools/bin/../lib/gcc/arm-none-eabi/9.3.1/../../../../arm-none-eabi/lib/thumb/v7-m/nofp\libc_nano.a(lib_a-findfp.o)
                0x0000000008003220                __sfp_lock_acquire
 .text.__sfp_lock_release
                0x000000000800322c        0xc c:/st/stm32cubeide_1.7.0/stm32cubeide/plugins/com.st.stm32cube.ide.mcu.externaltools.gnu-tools-for-stm32.9-2020-q2-update.win32_2.0.0.202105311346/tools/bin/../lib/gcc/arm-none-eabi/9.3.1/../../../../arm-none-eabi/lib/thumb/v7-m/nofp\libc_nano.a(lib_a-findfp.o)
                0x000000000800322c                __sfp_lock_release
 .text.__sinit_lock_acquire
                0x0000000008003238        0xc c:/st/stm32cubeide_1.7.0/stm32cubeide/plugins/com.st.stm32cube.ide.mcu.externaltools.gnu-tools-for-stm32.9-2020-q2-update.win32_2.0.0.202105311346/tools/bin/../lib/gcc/arm-none-eabi/9.3.1/../../../../arm-none-eabi/lib/thumb/v7-m/nofp\libc_nano.a(lib_a-findfp.o)
                0x0000000008003238                __sinit_lock_acquire
 .text.__sinit_lock_release
                0x0000000008003244        0xc c:/st/stm32cubeide_1.7.0/stm32cubeide/plugins/com.st.stm32cube.ide.mcu.externaltools.gnu-tools-for-stm32.9-2020-q2-update.win32_2.0.0.202105311346/tools/bin/../lib/gcc/arm-none-eabi/9.3.1/../../../../arm-none-eabi/lib/thumb/v7-m/nofp\libc_nano.a(lib_a-findfp.o)
                0x0000000008003244                __sinit_lock_release
 .text.__sinit  0x0000000008003250       0x70 c:/st/stm32cubeide_1.7.0/stm32cubeide/plugins/com.st.stm32cube.ide.mcu.externaltools.gnu-tools-for-stm32.9-2020-q2-update.win32_2.0.0.202105311346/tools/bin/../lib/gcc/arm-none-eabi/9.3.1/../../../../arm-none-eabi/lib/thumb/v7-m/nofp\libc_nano.a(lib_a-findfp.o)
                0x0000000008003250                __sinit
 .text.__sfp    0x00000000080032c0       0x8c c:/st/stm32cubeide_1.7.0/stm32cubeide/plugins/com.st.stm32cube.ide.mcu.externaltools.gnu-tools-for-stm32.9-2020-q2-update.win32_2.0.0.202105311346/tools/bin/../lib/gcc/arm-none-eabi/9.3.1/../../../../arm-none-eabi/lib/thumb/v7-m/nofp\libc_nano.a(lib_a-findfp.o)
                0x00000000080032c0                __sfp
 .text._fwalk_reent
                0x000000000800334c       0x3e c:/st/stm32cubeide_1.7.0/stm32cubeide/plugins/com.st.stm32cube.ide.mcu.externaltools.gnu-tools-for-stm32.9-2020-q2-update.win32_2.0.0.202105311346/tools/bin/../lib/gcc/arm-none-eabi/9.3.1/../../../../arm-none-eabi/lib/thumb/v7-m/nofp\libc_nano.a(lib_a-fwalk.o)
                0x000000000800334c                _fwalk_reent
 .text.__retarget_lock_init_recursive
                0x000000000800338a        0x2 c:/st/stm32cubeide_1.7.0/stm32cubeide/plugins/com.st.stm32cube.ide.mcu.externaltools.gnu-tools-for-stm32.9-2020-q2-update.win32_2.0.0.202105311346/tools/bin/../lib/gcc/arm-none-eabi/9.3.1/../../../../arm-none-eabi/lib/thumb/v7-m/nofp\libc_nano.a(lib_a-lock.o)
                0x000000000800338a                __retarget_lock_init_recursive
 .text.__retarget_lock_acquire_recursive
                0x000000000800338c        0x2 c:/st/stm32cubeide_1.7.0/stm32cubeide/plugins/com.st.stm32cube.ide.mcu.externaltools.gnu-tools-for-stm32.9-2020-q2-update.win32_2.0.0.202105311346/tools/bin/../lib/gcc/arm-none-eabi/9.3.1/../../../../arm-none-eabi/lib/thumb/v7-m/nofp\libc_nano.a(lib_a-lock.o)
                0x000000000800338c                __retarget_lock_acquire_recursive
 .text.__retarget_lock_release_recursive
                0x000000000800338e        0x2 c:/st/stm32cubeide_1.7.0/stm32cubeide/plugins/com.st.stm32cube.ide.mcu.externaltools.gnu-tools-for-stm32.9-2020-q2-update.win32_2.0.0.202105311346/tools/bin/../lib/gcc/arm-none-eabi/9.3.1/../../../../arm-none-eabi/lib/thumb/v7-m/nofp\libc_nano.a(lib_a-lock.o)
                0x000000000800338e                __retarget_lock_release_recursive
 .text.__swhatbuf_r
                0x0000000008003390       0x48 c:/st/stm32cubeide_1.7.0/stm32cubeide/plugins/com.st.stm32cube.ide.mcu.externaltools.gnu-tools-for-stm32.9-2020-q2-update.win32_2.0.0.202105311346/tools/bin/../lib/gcc/arm-none-eabi/9.3.1/../../../../arm-none-eabi/lib/thumb/v7-m/nofp\libc_nano.a(lib_a-makebuf.o)
                0x0000000008003390                __swhatbuf_r
 .text.__smakebuf_r
                0x00000000080033d8       0x80 c:/st/stm32cubeide_1.7.0/stm32cubeide/plugins/com.st.stm32cube.ide.mcu.externaltools.gnu-tools-for-stm32.9-2020-q2-update.win32_2.0.0.202105311346/tools/bin/../lib/gcc/arm-none-eabi/9.3.1/../../../../arm-none-eabi/lib/thumb/v7-m/nofp\libc_nano.a(lib_a-makebuf.o)
                0x00000000080033d8                __smakebuf_r
 .text._free_r  0x0000000008003458       0x98 c:/st/stm32cubeide_1.7.0/stm32cubeide/plugins/com.st.stm32cube.ide.mcu.externaltools.gnu-tools-for-stm32.9-2020-q2-update.win32_2.0.0.202105311346/tools/bin/../lib/gcc/arm-none-eabi/9.3.1/../../../../arm-none-eabi/lib/thumb/v7-m/nofp\libc_nano.a(lib_a-nano-freer.o)
                0x0000000008003458                _free_r
 .text._malloc_r
                0x00000000080034f0       0xb4 c:/st/stm32cubeide_1.7.0/stm32cubeide/plugins/com.st.stm32cube.ide.mcu.externaltools.gnu-tools-for-stm32.9-2020-q2-update.win32_2.0.0.202105311346/tools/bin/../lib/gcc/arm-none-eabi/9.3.1/../../../../arm-none-eabi/lib/thumb/v7-m/nofp\libc_nano.a(lib_a-nano-mallocr.o)
                0x00000000080034f0                _malloc_r
 .text._sbrk_r  0x00000000080035a4       0x20 c:/st/stm32cubeide_1.7.0/stm32cubeide/plugins/com.st.stm32cube.ide.mcu.externaltools.gnu-tools-for-stm32.9-2020-q2-update.win32_2.0.0.202105311346/tools/bin/../lib/gcc/arm-none-eabi/9.3.1/../../../../arm-none-eabi/lib/thumb/v7-m/nofp\libc_nano.a(lib_a-sbrkr.o)
                0x00000000080035a4                _sbrk_r
 .text.__sread  0x00000000080035c4       0x22 c:/st/stm32cubeide_1.7.0/stm32cubeide/plugins/com.st.stm32cube.ide.mcu.externaltools.gnu-tools-for-stm32.9-2020-q2-update.win32_2.0.0.202105311346/tools/bin/../lib/gcc/arm-none-eabi/9.3.1/../../../../arm-none-eabi/lib/thumb/v7-m/nofp\libc_nano.a(lib_a-stdio.o)
                0x00000000080035c4                __sread
 .text.__swrite
                0x00000000080035e6       0x38 c:/st/stm32cubeide_1.7.0/stm32cubeide/plugins/com.st.stm32cube.ide.mcu.externaltools.gnu-tools-for-stm32.9-2020-q2-update.win32_2.0.0.202105311346/tools/bin/../lib/gcc/arm-none-eabi/9.3.1/../../../../arm-none-eabi/lib/thumb/v7-m/nofp\libc_nano.a(lib_a-stdio.o)
                0x00000000080035e6                __swrite
 .text.__sseek  0x000000000800361e       0x24 c:/st/stm32cubeide_1.7.0/stm32cubeide/plugins/com.st.stm32cube.ide.mcu.externaltools.gnu-tools-for-stm32.9-2020-q2-update.win32_2.0.0.202105311346/tools/bin/../lib/gcc/arm-none-eabi/9.3.1/../../../../arm-none-eabi/lib/thumb/v7-m/nofp\libc_nano.a(lib_a-stdio.o)
                0x000000000800361e                __sseek
 .text.__sclose
                0x0000000008003642        0x8 c:/st/stm32cubeide_1.7.0/stm32cubeide/plugins/com.st.stm32cube.ide.mcu.externaltools.gnu-tools-for-stm32.9-2020-q2-update.win32_2.0.0.202105311346/tools/bin/../lib/gcc/arm-none-eabi/9.3.1/../../../../arm-none-eabi/lib/thumb/v7-m/nofp\libc_nano.a(lib_a-stdio.o)
                0x0000000008003642                __sclose
 *fill*         0x000000000800364a        0x2 
 .text._write_r
                0x000000000800364c       0x24 c:/st/stm32cubeide_1.7.0/stm32cubeide/plugins/com.st.stm32cube.ide.mcu.externaltools.gnu-tools-for-stm32.9-2020-q2-update.win32_2.0.0.202105311346/tools/bin/../lib/gcc/arm-none-eabi/9.3.1/../../../../arm-none-eabi/lib/thumb/v7-m/nofp\libc_nano.a(lib_a-writer.o)
                0x000000000800364c                _write_r
 .text._close_r
                0x0000000008003670       0x20 c:/st/stm32cubeide_1.7.0/stm32cubeide/plugins/com.st.stm32cube.ide.mcu.externaltools.gnu-tools-for-stm32.9-2020-q2-update.win32_2.0.0.202105311346/tools/bin/../lib/gcc/arm-none-eabi/9.3.1/../../../../arm-none-eabi/lib/thumb/v7-m/nofp\libc_nano.a(lib_a-closer.o)
                0x0000000008003670                _close_r
 .text._fstat_r
                0x0000000008003690       0x24 c:/st/stm32cubeide_1.7.0/stm32cubeide/plugins/com.st.stm32cube.ide.mcu.externaltools.gnu-tools-for-stm32.9-2020-q2-update.win32_2.0.0.202105311346/tools/bin/../lib/gcc/arm-none-eabi/9.3.1/../../../../arm-none-eabi/lib/thumb/v7-m/nofp\libc_nano.a(lib_a-fstatr.o)
                0x0000000008003690                _fstat_r
 .text._isatty_r
                0x00000000080036b4       0x20 c:/st/stm32cubeide_1.7.0/stm32cubeide/plugins/com.st.stm32cube.ide.mcu.externaltools.gnu-tools-for-stm32.9-2020-q2-update.win32_2.0.0.202105311346/tools/bin/../lib/gcc/arm-none-eabi/9.3.1/../../../../arm-none-eabi/lib/thumb/v7-m/nofp\libc_nano.a(lib_a-isattyr.o)
                0x00000000080036b4                _isatty_r
 .text._lseek_r
                0x00000000080036d4       0x24 c:/st/stm32cubeide_1.7.0/stm32cubeide/plugins/com.st.stm32cube.ide.mcu.externaltools.gnu-tools-for-stm32.9-2020-q2-update.win32_2.0.0.202105311346/tools/bin/../lib/gcc/arm-none-eabi/9.3.1/../../../../arm-none-eabi/lib/thumb/v7-m/nofp\libc_nano.a(lib_a-lseekr.o)
                0x00000000080036d4                _lseek_r
 .text.__malloc_lock
                0x00000000080036f8        0xc c:/st/stm32cubeide_1.7.0/stm32cubeide/plugins/com.st.stm32cube.ide.mcu.externaltools.gnu-tools-for-stm32.9-2020-q2-update.win32_2.0.0.202105311346/tools/bin/../lib/gcc/arm-none-eabi/9.3.1/../../../../arm-none-eabi/lib/thumb/v7-m/nofp\libc_nano.a(lib_a-mlock.o)
                0x00000000080036f8                __malloc_lock
 .text.__malloc_unlock
                0x0000000008003704        0xc c:/st/stm32cubeide_1.7.0/stm32cubeide/plugins/com.st.stm32cube.ide.mcu.externaltools.gnu-tools-for-stm32.9-2020-q2-update.win32_2.0.0.202105311346/tools/bin/../lib/gcc/arm-none-eabi/9.3.1/../../../../arm-none-eabi/lib/thumb/v7-m/nofp\libc_nano.a(lib_a-mlock.o)
                0x0000000008003704                __malloc_unlock
 .text._read_r  0x0000000008003710       0x24 c:/st/stm32cubeide_1.7.0/stm32cubeide/plugins/com.st.stm32cube.ide.mcu.externaltools.gnu-tools-for-stm32.9-2020-q2-update.win32_2.0.0.202105311346/tools/bin/../lib/gcc/arm-none-eabi/9.3.1/../../../../arm-none-eabi/lib/thumb/v7-m/nofp\libc_nano.a(lib_a-readr.o)
                0x0000000008003710                _read_r
 *(.glue_7)
 .glue_7        0x0000000008003734        0x0 linker stubs
 *(.glue_7t)
 .glue_7t       0x0000000008003734        0x0 linker stubs
 *(.eh_frame)
 .eh_frame      0x0000000008003734        0x0 c:/st/stm32cubeide_1.7.0/stm32cubeide/plugins/com.st.stm32cube.ide.mcu.externaltools.gnu-tools-for-stm32.9-2020-q2-update.win32_2.0.0.202105311346/tools/bin/../lib/gcc/arm-none-eabi/9.3.1/thumb/v7-m/nofp/crtbegin.o
 *(.init)
 .init          0x0000000008003734        0x4 c:/st/stm32cubeide_1.7.0/stm32cubeide/plugins/com.st.stm32cube.ide.mcu.externaltools.gnu-tools-for-stm32.9-2020-q2-update.win32_2.0.0.202105311346/tools/bin/../lib/gcc/arm-none-eabi/9.3.1/thumb/v7-m/nofp/crti.o
                0x0000000008003734                _init
 .init          0x0000000008003738        0x8 c:/st/stm32cubeide_1.7.0/stm32cubeide/plugins/com.st.stm32cube.ide.mcu.externaltools.gnu-tools-for-stm32.9-2020-q2-update.win32_2.0.0.202105311346/tools/bin/../lib/gcc/arm-none-eabi/9.3.1/thumb/v7-m/nofp/crtn.o
 *(.fini)
 .fini          0x0000000008003740        0x4 c:/st/stm32cubeide_1.7.0/stm32cubeide/plugins/com.st.stm32cube.ide.mcu.externaltools.gnu-tools-for-stm32.9-2020-q2-update.win32_2.0.0.202105311346/tools/bin/../lib/gcc/arm-none-eabi/9.3.1/thumb/v7-m/nofp/crti.o
                0x0000000008003740                _fini
 .fini          0x0000000008003744        0x8 c:/st/stm32cubeide_1.7.0/stm32cubeide/plugins/com.st.stm32cube.ide.mcu.externaltools.gnu-tools-for-stm32.9-2020-q2-update.win32_2.0.0.202105311346/tools/bin/../lib/gcc/arm-none-eabi/9.3.1/thumb/v7-m/nofp/crtn.o
                0x000000000800374c                . = ALIGN (0x4)
                0x000000000800374c                _etext = .

.vfp11_veneer   0x000000000800374c        0x0
 .vfp11_veneer  0x000000000800374c        0x0 linker stubs

.v4_bx          0x000000000800374c        0x0
 .v4_bx         0x000000000800374c        0x0 linker stubs

.iplt           0x000000000800374c        0x0
 .iplt          0x000000000800374c        0x0 c:/st/stm32cubeide_1.7.0/stm32cubeide/plugins/com.st.stm32cube.ide.mcu.externaltools.gnu-tools-for-stm32.9-2020-q2-update.win32_2.0.0.202105311346/tools/bin/../lib/gcc/arm-none-eabi/9.3.1/thumb/v7-m/nofp/crtbegin.o

.rodata         0x000000000800374c      0x210
                0x000000000800374c                . = ALIGN (0x4)
 *(.rodata)
 .rodata        0x000000000800374c       0xf3 ./Core/Src/input_processing.o
 *fill*         0x000000000800383f        0x1 
 .rodata        0x0000000008003840       0x2a ./Core/Src/main.o
 *fill*         0x000000000800386a        0x2 
 .rodata        0x000000000800386c       0x62 ./Core/Src/traffic_light_processing.o
 *fill*         0x00000000080038ce        0x2 
 .rodata        0x00000000080038d0       0x10 ./Drivers/STM32F1xx_HAL_Driver/Src/stm32f1xx_hal_rcc.o
 *(.rodata*)
 .rodata.AHBPrescTable
                0x00000000080038e0       0x10 ./Core/Src/system_stm32f1xx.o
                0x00000000080038e0                AHBPrescTable
 .rodata.APBPrescTable
                0x00000000080038f0        0x8 ./Core/Src/system_stm32f1xx.o
                0x00000000080038f0                APBPrescTable
 .rodata._global_impure_ptr
                0x00000000080038f8        0x4 c:/st/stm32cubeide_1.7.0/stm32cubeide/plugins/com.st.stm32cube.ide.mcu.externaltools.gnu-tools-for-stm32.9-2020-q2-update.win32_2.0.0.202105311346/tools/bin/../lib/gcc/arm-none-eabi/9.3.1/../../../../arm-none-eabi/lib/thumb/v7-m/nofp\libc_nano.a(lib_a-impure.o)
                0x00000000080038f8                _global_impure_ptr
 .rodata.__sf_fake_stderr
                0x00000000080038fc       0x20 c:/st/stm32cubeide_1.7.0/stm32cubeide/plugins/com.st.stm32cube.ide.mcu.externaltools.gnu-tools-for-stm32.9-2020-q2-update.win32_2.0.0.202105311346/tools/bin/../lib/gcc/arm-none-eabi/9.3.1/../../../../arm-none-eabi/lib/thumb/v7-m/nofp\libc_nano.a(lib_a-findfp.o)
                0x00000000080038fc                __sf_fake_stderr
 .rodata.__sf_fake_stdin
                0x000000000800391c       0x20 c:/st/stm32cubeide_1.7.0/stm32cubeide/plugins/com.st.stm32cube.ide.mcu.externaltools.gnu-tools-for-stm32.9-2020-q2-update.win32_2.0.0.202105311346/tools/bin/../lib/gcc/arm-none-eabi/9.3.1/../../../../arm-none-eabi/lib/thumb/v7-m/nofp\libc_nano.a(lib_a-findfp.o)
                0x000000000800391c                __sf_fake_stdin
 .rodata.__sf_fake_stdout
                0x000000000800393c       0x20 c:/st/stm32cubeide_1.7.0/stm32cubeide/plugins/com.st.stm32cube.ide.mcu.externaltools.gnu-tools-for-stm32.9-2020-q2-update.win32_2.0.0.202105311346/tools/bin/../lib/gcc/arm-none-eabi/9.3.1/../../../../arm-none-eabi/lib/thumb/v7-m/nofp\libc_nano.a(lib_a-findfp.o)
                0x000000000800393c                __sf_fake_stdout
                0x000000000800395c                . = ALIGN (0x4)

.rel.dyn        0x000000000800395c        0x0
 .rel.iplt      0x000000000800395c        0x0 c:/st/stm32cubeide_1.7.0/stm32cubeide/plugins/com.st.stm32cube.ide.mcu.externaltools.gnu-tools-for-stm32.9-2020-q2-update.win32_2.0.0.202105311346/tools/bin/../lib/gcc/arm-none-eabi/9.3.1/thumb/v7-m/nofp/crtbegin.o

.ARM.extab      0x000000000800395c        0x0
                0x000000000800395c                . = ALIGN (0x4)
 *(.ARM.extab* .gnu.linkonce.armextab.*)
                0x000000000800395c                . = ALIGN (0x4)

.ARM            0x000000000800395c        0x0
                0x000000000800395c                . = ALIGN (0x4)
                0x000000000800395c                __exidx_start = .
 *(.ARM.exidx*)
                0x000000000800395c                __exidx_end = .
                0x000000000800395c                . = ALIGN (0x4)

.preinit_array  0x000000000800395c        0x0
                0x000000000800395c                . = ALIGN (0x4)
                0x000000000800395c                PROVIDE (__preinit_array_start = .)
 *(.preinit_array*)
                0x000000000800395c                PROVIDE (__preinit_array_end = .)
                0x000000000800395c                . = ALIGN (0x4)

.init_array     0x000000000800395c        0x4
                0x000000000800395c                . = ALIGN (0x4)
                0x000000000800395c                PROVIDE (__init_array_start = .)
 *(SORT_BY_NAME(.init_array.*))
 *(.init_array*)
 .init_array    0x000000000800395c        0x4 c:/st/stm32cubeide_1.7.0/stm32cubeide/plugins/com.st.stm32cube.ide.mcu.externaltools.gnu-tools-for-stm32.9-2020-q2-update.win32_2.0.0.202105311346/tools/bin/../lib/gcc/arm-none-eabi/9.3.1/thumb/v7-m/nofp/crtbegin.o
                0x0000000008003960                PROVIDE (__init_array_end = .)
                0x0000000008003960                . = ALIGN (0x4)

.fini_array     0x0000000008003960        0x4
                0x0000000008003960                . = ALIGN (0x4)
                [!provide]                        PROVIDE (__fini_array_start = .)
 *(SORT_BY_NAME(.fini_array.*))
 *(.fini_array*)
 .fini_array    0x0000000008003960        0x4 c:/st/stm32cubeide_1.7.0/stm32cubeide/plugins/com.st.stm32cube.ide.mcu.externaltools.gnu-tools-for-stm32.9-2020-q2-update.win32_2.0.0.202105311346/tools/bin/../lib/gcc/arm-none-eabi/9.3.1/thumb/v7-m/nofp/crtbegin.o
                [!provide]                        PROVIDE (__fini_array_end = .)
                0x0000000008003964                . = ALIGN (0x4)
                0x0000000008003964                _sidata = LOADADDR (.data)

.data           0x0000000020000000       0xb4 load address 0x0000000008003964
                0x0000000020000000                . = ALIGN (0x4)
                0x0000000020000000                _sdata = .
 *(.data)
 *(.data*)
 .data.man_red_time
                0x0000000020000000        0x4 ./Core/Src/global.o
                0x0000000020000000                man_red_time
 .data.man_amber_time
                0x0000000020000004        0x4 ./Core/Src/global.o
                0x0000000020000004                man_amber_time
 .data.man_green_time
                0x0000000020000008        0x4 ./Core/Src/global.o
                0x0000000020000008                man_green_time
 .data.light_time
                0x000000002000000c        0x4 ./Core/Src/global.o
                0x000000002000000c                light_time
 .data.light_time1
                0x0000000020000010        0x4 ./Core/Src/global.o
                0x0000000020000010                light_time1
 .data.status   0x0000000020000014        0x4 ./Core/Src/global.o
                0x0000000020000014                status
 .data.led_status
                0x0000000020000018        0x4 ./Core/Src/global.o
                0x0000000020000018                led_status
 .data.buttonPort
                0x000000002000001c       0x10 ./Core/Src/input_reading.o
 .data.buttonPin
                0x000000002000002c        0x8 ./Core/Src/input_reading.o
 .data.led7seg  0x0000000020000034        0xa ./Core/Src/led7seg.o
 *fill*         0x000000002000003e        0x2 
 .data.TIMER_CYCLE
                0x0000000020000040        0x4 ./Core/Src/software_timer.o
                0x0000000020000040                TIMER_CYCLE
 .data.SystemCoreClock
                0x0000000020000044        0x4 ./Core/Src/system_stm32f1xx.o
                0x0000000020000044                SystemCoreClock
 .data.uwTickPrio
                0x0000000020000048        0x4 ./Drivers/STM32F1xx_HAL_Driver/Src/stm32f1xx_hal.o
                0x0000000020000048                uwTickPrio
 .data.uwTickFreq
                0x000000002000004c        0x1 ./Drivers/STM32F1xx_HAL_Driver/Src/stm32f1xx_hal.o
                0x000000002000004c                uwTickFreq
 *fill*         0x000000002000004d        0x3 
 .data._impure_ptr
                0x0000000020000050        0x4 c:/st/stm32cubeide_1.7.0/stm32cubeide/plugins/com.st.stm32cube.ide.mcu.externaltools.gnu-tools-for-stm32.9-2020-q2-update.win32_2.0.0.202105311346/tools/bin/../lib/gcc/arm-none-eabi/9.3.1/../../../../arm-none-eabi/lib/thumb/v7-m/nofp\libc_nano.a(lib_a-impure.o)
                0x0000000020000050                _impure_ptr
 .data.impure_data
                0x0000000020000054       0x60 c:/st/stm32cubeide_1.7.0/stm32cubeide/plugins/com.st.stm32cube.ide.mcu.externaltools.gnu-tools-for-stm32.9-2020-q2-update.win32_2.0.0.202105311346/tools/bin/../lib/gcc/arm-none-eabi/9.3.1/../../../../arm-none-eabi/lib/thumb/v7-m/nofp\libc_nano.a(lib_a-impure.o)
 *(.RamFunc)
 *(.RamFunc*)
                0x00000000200000b4                . = ALIGN (0x4)
                0x00000000200000b4                _edata = .

.igot.plt       0x00000000200000b4        0x0 load address 0x0000000008003a18
 .igot.plt      0x00000000200000b4        0x0 c:/st/stm32cubeide_1.7.0/stm32cubeide/plugins/com.st.stm32cube.ide.mcu.externaltools.gnu-tools-for-stm32.9-2020-q2-update.win32_2.0.0.202105311346/tools/bin/../lib/gcc/arm-none-eabi/9.3.1/thumb/v7-m/nofp/crtbegin.o
                0x00000000200000b4                . = ALIGN (0x4)

.bss            0x00000000200000b4      0x11c load address 0x0000000008003a18
                0x00000000200000b4                _sbss = .
                0x00000000200000b4                __bss_start__ = _sbss
 *(.bss)
 .bss           0x00000000200000b4       0x1c c:/st/stm32cubeide_1.7.0/stm32cubeide/plugins/com.st.stm32cube.ide.mcu.externaltools.gnu-tools-for-stm32.9-2020-q2-update.win32_2.0.0.202105311346/tools/bin/../lib/gcc/arm-none-eabi/9.3.1/thumb/v7-m/nofp/crtbegin.o
 *(.bss*)
 .bss.temp_value
                0x00000000200000d0        0x4 ./Core/Src/global.o
                0x00000000200000d0                temp_value
 .bss.index_led
                0x00000000200000d4        0x4 ./Core/Src/global.o
                0x00000000200000d4                index_led
 .bss.buttonState
                0x00000000200000d8        0x1 ./Core/Src/input_processing.o
                0x00000000200000d8                buttonState
 *fill*         0x00000000200000d9        0x3 
 .bss.buttonBuffer
                0x00000000200000dc        0x4 ./Core/Src/input_reading.o
 .bss.buttonBufferPrev
                0x00000000200000e0        0x4 ./Core/Src/input_reading.o
 .bss.debounceButtonBuffer1
                0x00000000200000e4        0x4 ./Core/Src/input_reading.o
 .bss.debounceButtonBuffer2
                0x00000000200000e8        0x4 ./Core/Src/input_reading.o
 .bss.flagForButtonPress1s
                0x00000000200000ec        0x4 ./Core/Src/input_reading.o
 .bss.counterForButtonPress1s
                0x00000000200000f0        0x8 ./Core/Src/input_reading.o
 .bss.led_buffer
                0x00000000200000f8        0x4 ./Core/Src/led7seg.o
 .bss.timer1_flag
                0x00000000200000fc        0x4 ./Core/Src/software_timer.o
                0x00000000200000fc                timer1_flag
 .bss.timer2_flag
                0x0000000020000100        0x4 ./Core/Src/software_timer.o
                0x0000000020000100                timer2_flag
 .bss.timer3_flag
                0x0000000020000104        0x4 ./Core/Src/software_timer.o
                0x0000000020000104                timer3_flag
 .bss.timer4_flag
                0x0000000020000108        0x4 ./Core/Src/software_timer.o
                0x0000000020000108                timer4_flag
 .bss.timer5_flag
                0x000000002000010c        0x4 ./Core/Src/software_timer.o
                0x000000002000010c                timer5_flag
 .bss.timer1_counter
                0x0000000020000110        0x4 ./Core/Src/software_timer.o
                0x0000000020000110                timer1_counter
 .bss.timer2_counter
                0x0000000020000114        0x4 ./Core/Src/software_timer.o
                0x0000000020000114                timer2_counter
 .bss.timer3_counter
                0x0000000020000118        0x4 ./Core/Src/software_timer.o
                0x0000000020000118                timer3_counter
 .bss.timer4_counter
                0x000000002000011c        0x4 ./Core/Src/software_timer.o
                0x000000002000011c                timer4_counter
 .bss.timer5_counter
                0x0000000020000120        0x4 ./Core/Src/software_timer.o
                0x0000000020000120                timer5_counter
 .bss.__sbrk_heap_end
                0x0000000020000124        0x4 ./Core/Src/sysmem.o
 .bss.__malloc_free_list
                0x0000000020000128        0x4 c:/st/stm32cubeide_1.7.0/stm32cubeide/plugins/com.st.stm32cube.ide.mcu.externaltools.gnu-tools-for-stm32.9-2020-q2-update.win32_2.0.0.202105311346/tools/bin/../lib/gcc/arm-none-eabi/9.3.1/../../../../arm-none-eabi/lib/thumb/v7-m/nofp\libc_nano.a(lib_a-nano-mallocr.o)
                0x0000000020000128                __malloc_free_list
 .bss.__malloc_sbrk_start
                0x000000002000012c        0x4 c:/st/stm32cubeide_1.7.0/stm32cubeide/plugins/com.st.stm32cube.ide.mcu.externaltools.gnu-tools-for-stm32.9-2020-q2-update.win32_2.0.0.202105311346/tools/bin/../lib/gcc/arm-none-eabi/9.3.1/../../../../arm-none-eabi/lib/thumb/v7-m/nofp\libc_nano.a(lib_a-nano-mallocr.o)
                0x000000002000012c                __malloc_sbrk_start
 *(COMMON)
 COMMON         0x0000000020000130       0x8c ./Core/Src/main.o
                0x0000000020000130                huart1
                0x0000000020000174                htim2
 COMMON         0x00000000200001bc        0x4 ./Drivers/STM32F1xx_HAL_Driver/Src/stm32f1xx_hal.o
                0x00000000200001bc                uwTick
 COMMON         0x00000000200001c0        0x9 c:/st/stm32cubeide_1.7.0/stm32cubeide/plugins/com.st.stm32cube.ide.mcu.externaltools.gnu-tools-for-stm32.9-2020-q2-update.win32_2.0.0.202105311346/tools/bin/../lib/gcc/arm-none-eabi/9.3.1/../../../../arm-none-eabi/lib/thumb/v7-m/nofp\libc_nano.a(lib_a-lock.o)
                0x00000000200001c0                __lock___atexit_recursive_mutex
                0x00000000200001c1                __lock___arc4random_mutex
                0x00000000200001c2                __lock___env_recursive_mutex
                0x00000000200001c3                __lock___sinit_recursive_mutex
                0x00000000200001c4                __lock___malloc_recursive_mutex
                0x00000000200001c5                __lock___at_quick_exit_mutex
                0x00000000200001c6                __lock___dd_hash_mutex
                0x00000000200001c7                __lock___tz_mutex
                0x00000000200001c8                __lock___sfp_recursive_mutex
 *fill*         0x00000000200001c9        0x3 
 COMMON         0x00000000200001cc        0x4 c:/st/stm32cubeide_1.7.0/stm32cubeide/plugins/com.st.stm32cube.ide.mcu.externaltools.gnu-tools-for-stm32.9-2020-q2-update.win32_2.0.0.202105311346/tools/bin/../lib/gcc/arm-none-eabi/9.3.1/../../../../arm-none-eabi/lib/thumb/v7-m/nofp\libc_nano.a(lib_a-reent.o)
                0x00000000200001cc                errno
                0x00000000200001d0                . = ALIGN (0x4)
                0x00000000200001d0                _ebss = .
                0x00000000200001d0                __bss_end__ = _ebss

._user_heap_stack
                0x00000000200001d0      0x600 load address 0x0000000008003a18
                0x00000000200001d0                . = ALIGN (0x8)
                [!provide]                        PROVIDE (end = .)
                0x00000000200001d0                PROVIDE (_end = .)
                0x00000000200003d0                . = (. + _Min_Heap_Size)
 *fill*         0x00000000200001d0      0x200 
                0x00000000200007d0                . = (. + _Min_Stack_Size)
 *fill*         0x00000000200003d0      0x400 
                0x00000000200007d0                . = ALIGN (0x8)

/DISCARD/
 libc.a(*)
 libm.a(*)
 libgcc.a(*)

.ARM.attributes
                0x0000000000000000       0x29
 *(.ARM.attributes)
 .ARM.attributes
                0x0000000000000000       0x1d c:/st/stm32cubeide_1.7.0/stm32cubeide/plugins/com.st.stm32cube.ide.mcu.externaltools.gnu-tools-for-stm32.9-2020-q2-update.win32_2.0.0.202105311346/tools/bin/../lib/gcc/arm-none-eabi/9.3.1/thumb/v7-m/nofp/crti.o
 .ARM.attributes
                0x000000000000001d       0x2d c:/st/stm32cubeide_1.7.0/stm32cubeide/plugins/com.st.stm32cube.ide.mcu.externaltools.gnu-tools-for-stm32.9-2020-q2-update.win32_2.0.0.202105311346/tools/bin/../lib/gcc/arm-none-eabi/9.3.1/thumb/v7-m/nofp/crtbegin.o
 .ARM.attributes
                0x000000000000004a       0x33 ./Core/Src/global.o
 .ARM.attributes
                0x000000000000007d       0x2d ./Core/Src/input_processing.o
 .ARM.attributes
                0x00000000000000aa       0x2d ./Core/Src/input_reading.o
 .ARM.attributes
                0x00000000000000d7       0x2d ./Core/Src/led7seg.o
 .ARM.attributes
                0x0000000000000104       0x2d ./Core/Src/main.o
 .ARM.attributes
                0x0000000000000131       0x2d ./Core/Src/output_display.o
 .ARM.attributes
                0x000000000000015e       0x2d ./Core/Src/software_timer.o
 .ARM.attributes
                0x000000000000018b       0x2d ./Core/Src/stm32f1xx_hal_msp.o
 .ARM.attributes
                0x00000000000001b8       0x2d ./Core/Src/stm32f1xx_it.o
 .ARM.attributes
                0x00000000000001e5       0x2d ./Core/Src/syscalls.o
 .ARM.attributes
                0x0000000000000212       0x2d ./Core/Src/sysmem.o
 .ARM.attributes
                0x000000000000023f       0x2d ./Core/Src/system_stm32f1xx.o
 .ARM.attributes
                0x000000000000026c       0x2d ./Core/Src/timer.o
 .ARM.attributes
                0x0000000000000299       0x2d ./Core/Src/traffic_light_processing.o
 .ARM.attributes
                0x00000000000002c6       0x21 ./Core/Startup/startup_stm32f103c6ux.o
 .ARM.attributes
                0x00000000000002e7       0x2d ./Drivers/STM32F1xx_HAL_Driver/Src/stm32f1xx_hal.o
 .ARM.attributes
                0x0000000000000314       0x2d ./Drivers/STM32F1xx_HAL_Driver/Src/stm32f1xx_hal_cortex.o
 .ARM.attributes
                0x0000000000000341       0x2d ./Drivers/STM32F1xx_HAL_Driver/Src/stm32f1xx_hal_gpio.o
 .ARM.attributes
                0x000000000000036e       0x2d ./Drivers/STM32F1xx_HAL_Driver/Src/stm32f1xx_hal_rcc.o
 .ARM.attributes
                0x000000000000039b       0x2d ./Drivers/STM32F1xx_HAL_Driver/Src/stm32f1xx_hal_tim.o
 .ARM.attributes
                0x00000000000003c8       0x2d ./Drivers/STM32F1xx_HAL_Driver/Src/stm32f1xx_hal_tim_ex.o
 .ARM.attributes
                0x00000000000003f5       0x2d ./Drivers/STM32F1xx_HAL_Driver/Src/stm32f1xx_hal_uart.o
 .ARM.attributes
                0x0000000000000422       0x2d c:/st/stm32cubeide_1.7.0/stm32cubeide/plugins/com.st.stm32cube.ide.mcu.externaltools.gnu-tools-for-stm32.9-2020-q2-update.win32_2.0.0.202105311346/tools/bin/../lib/gcc/arm-none-eabi/9.3.1/../../../../arm-none-eabi/lib/thumb/v7-m/nofp\libc_nano.a(lib_a-errno.o)
 .ARM.attributes
                0x000000000000044f       0x2d c:/st/stm32cubeide_1.7.0/stm32cubeide/plugins/com.st.stm32cube.ide.mcu.externaltools.gnu-tools-for-stm32.9-2020-q2-update.win32_2.0.0.202105311346/tools/bin/../lib/gcc/arm-none-eabi/9.3.1/../../../../arm-none-eabi/lib/thumb/v7-m/nofp\libc_nano.a(lib_a-impure.o)
 .ARM.attributes
                0x000000000000047c       0x2d c:/st/stm32cubeide_1.7.0/stm32cubeide/plugins/com.st.stm32cube.ide.mcu.externaltools.gnu-tools-for-stm32.9-2020-q2-update.win32_2.0.0.202105311346/tools/bin/../lib/gcc/arm-none-eabi/9.3.1/../../../../arm-none-eabi/lib/thumb/v7-m/nofp\libc_nano.a(lib_a-init.o)
 .ARM.attributes
                0x00000000000004a9       0x2d c:/st/stm32cubeide_1.7.0/stm32cubeide/plugins/com.st.stm32cube.ide.mcu.externaltools.gnu-tools-for-stm32.9-2020-q2-update.win32_2.0.0.202105311346/tools/bin/../lib/gcc/arm-none-eabi/9.3.1/../../../../arm-none-eabi/lib/thumb/v7-m/nofp\libc_nano.a(lib_a-memset.o)
 .ARM.attributes
                0x00000000000004d6       0x2d c:/st/stm32cubeide_1.7.0/stm32cubeide/plugins/com.st.stm32cube.ide.mcu.externaltools.gnu-tools-for-stm32.9-2020-q2-update.win32_2.0.0.202105311346/tools/bin/../lib/gcc/arm-none-eabi/9.3.1/../../../../arm-none-eabi/lib/thumb/v7-m/nofp\libc_nano.a(lib_a-puts.o)
 .ARM.attributes
                0x0000000000000503       0x2d c:/st/stm32cubeide_1.7.0/stm32cubeide/plugins/com.st.stm32cube.ide.mcu.externaltools.gnu-tools-for-stm32.9-2020-q2-update.win32_2.0.0.202105311346/tools/bin/../lib/gcc/arm-none-eabi/9.3.1/../../../../arm-none-eabi/lib/thumb/v7-m/nofp\libc_nano.a(lib_a-wbuf.o)
 .ARM.attributes
                0x0000000000000530       0x2d c:/st/stm32cubeide_1.7.0/stm32cubeide/plugins/com.st.stm32cube.ide.mcu.externaltools.gnu-tools-for-stm32.9-2020-q2-update.win32_2.0.0.202105311346/tools/bin/../lib/gcc/arm-none-eabi/9.3.1/../../../../arm-none-eabi/lib/thumb/v7-m/nofp\libc_nano.a(lib_a-wsetup.o)
 .ARM.attributes
                0x000000000000055d       0x2d c:/st/stm32cubeide_1.7.0/stm32cubeide/plugins/com.st.stm32cube.ide.mcu.externaltools.gnu-tools-for-stm32.9-2020-q2-update.win32_2.0.0.202105311346/tools/bin/../lib/gcc/arm-none-eabi/9.3.1/../../../../arm-none-eabi/lib/thumb/v7-m/nofp\libc_nano.a(lib_a-fflush.o)
 .ARM.attributes
                0x000000000000058a       0x2d c:/st/stm32cubeide_1.7.0/stm32cubeide/plugins/com.st.stm32cube.ide.mcu.externaltools.gnu-tools-for-stm32.9-2020-q2-update.win32_2.0.0.202105311346/tools/bin/../lib/gcc/arm-none-eabi/9.3.1/../../../../arm-none-eabi/lib/thumb/v7-m/nofp\libc_nano.a(lib_a-findfp.o)
 .ARM.attributes
                0x00000000000005b7       0x2d c:/st/stm32cubeide_1.7.0/stm32cubeide/plugins/com.st.stm32cube.ide.mcu.externaltools.gnu-tools-for-stm32.9-2020-q2-update.win32_2.0.0.202105311346/tools/bin/../lib/gcc/arm-none-eabi/9.3.1/../../../../arm-none-eabi/lib/thumb/v7-m/nofp\libc_nano.a(lib_a-fwalk.o)
 .ARM.attributes
                0x00000000000005e4       0x2d c:/st/stm32cubeide_1.7.0/stm32cubeide/plugins/com.st.stm32cube.ide.mcu.externaltools.gnu-tools-for-stm32.9-2020-q2-update.win32_2.0.0.202105311346/tools/bin/../lib/gcc/arm-none-eabi/9.3.1/../../../../arm-none-eabi/lib/thumb/v7-m/nofp\libc_nano.a(lib_a-lock.o)
 .ARM.attributes
                0x0000000000000611       0x2d c:/st/stm32cubeide_1.7.0/stm32cubeide/plugins/com.st.stm32cube.ide.mcu.externaltools.gnu-tools-for-stm32.9-2020-q2-update.win32_2.0.0.202105311346/tools/bin/../lib/gcc/arm-none-eabi/9.3.1/../../../../arm-none-eabi/lib/thumb/v7-m/nofp\libc_nano.a(lib_a-makebuf.o)
 .ARM.attributes
                0x000000000000063e       0x2d c:/st/stm32cubeide_1.7.0/stm32cubeide/plugins/com.st.stm32cube.ide.mcu.externaltools.gnu-tools-for-stm32.9-2020-q2-update.win32_2.0.0.202105311346/tools/bin/../lib/gcc/arm-none-eabi/9.3.1/../../../../arm-none-eabi/lib/thumb/v7-m/nofp\libc_nano.a(lib_a-nano-freer.o)
 .ARM.attributes
                0x000000000000066b       0x2d c:/st/stm32cubeide_1.7.0/stm32cubeide/plugins/com.st.stm32cube.ide.mcu.externaltools.gnu-tools-for-stm32.9-2020-q2-update.win32_2.0.0.202105311346/tools/bin/../lib/gcc/arm-none-eabi/9.3.1/../../../../arm-none-eabi/lib/thumb/v7-m/nofp\libc_nano.a(lib_a-nano-mallocr.o)
 .ARM.attributes
                0x0000000000000698       0x2d c:/st/stm32cubeide_1.7.0/stm32cubeide/plugins/com.st.stm32cube.ide.mcu.externaltools.gnu-tools-for-stm32.9-2020-q2-update.win32_2.0.0.202105311346/tools/bin/../lib/gcc/arm-none-eabi/9.3.1/../../../../arm-none-eabi/lib/thumb/v7-m/nofp\libc_nano.a(lib_a-sbrkr.o)
 .ARM.attributes
                0x00000000000006c5       0x2d c:/st/stm32cubeide_1.7.0/stm32cubeide/plugins/com.st.stm32cube.ide.mcu.externaltools.gnu-tools-for-stm32.9-2020-q2-update.win32_2.0.0.202105311346/tools/bin/../lib/gcc/arm-none-eabi/9.3.1/../../../../arm-none-eabi/lib/thumb/v7-m/nofp\libc_nano.a(lib_a-stdio.o)
 .ARM.attributes
                0x00000000000006f2       0x2d c:/st/stm32cubeide_1.7.0/stm32cubeide/plugins/com.st.stm32cube.ide.mcu.externaltools.gnu-tools-for-stm32.9-2020-q2-update.win32_2.0.0.202105311346/tools/bin/../lib/gcc/arm-none-eabi/9.3.1/../../../../arm-none-eabi/lib/thumb/v7-m/nofp\libc_nano.a(lib_a-writer.o)
 .ARM.attributes
                0x000000000000071f       0x2d c:/st/stm32cubeide_1.7.0/stm32cubeide/plugins/com.st.stm32cube.ide.mcu.externaltools.gnu-tools-for-stm32.9-2020-q2-update.win32_2.0.0.202105311346/tools/bin/../lib/gcc/arm-none-eabi/9.3.1/../../../../arm-none-eabi/lib/thumb/v7-m/nofp\libc_nano.a(lib_a-closer.o)
 .ARM.attributes
                0x000000000000074c       0x2d c:/st/stm32cubeide_1.7.0/stm32cubeide/plugins/com.st.stm32cube.ide.mcu.externaltools.gnu-tools-for-stm32.9-2020-q2-update.win32_2.0.0.202105311346/tools/bin/../lib/gcc/arm-none-eabi/9.3.1/../../../../arm-none-eabi/lib/thumb/v7-m/nofp\libc_nano.a(lib_a-fstatr.o)
 .ARM.attributes
                0x0000000000000779       0x2d c:/st/stm32cubeide_1.7.0/stm32cubeide/plugins/com.st.stm32cube.ide.mcu.externaltools.gnu-tools-for-stm32.9-2020-q2-update.win32_2.0.0.202105311346/tools/bin/../lib/gcc/arm-none-eabi/9.3.1/../../../../arm-none-eabi/lib/thumb/v7-m/nofp\libc_nano.a(lib_a-isattyr.o)
 .ARM.attributes
                0x00000000000007a6       0x2d c:/st/stm32cubeide_1.7.0/stm32cubeide/plugins/com.st.stm32cube.ide.mcu.externaltools.gnu-tools-for-stm32.9-2020-q2-update.win32_2.0.0.202105311346/tools/bin/../lib/gcc/arm-none-eabi/9.3.1/../../../../arm-none-eabi/lib/thumb/v7-m/nofp\libc_nano.a(lib_a-lseekr.o)
 .ARM.attributes
                0x00000000000007d3       0x2d c:/st/stm32cubeide_1.7.0/stm32cubeide/plugins/com.st.stm32cube.ide.mcu.externaltools.gnu-tools-for-stm32.9-2020-q2-update.win32_2.0.0.202105311346/tools/bin/../lib/gcc/arm-none-eabi/9.3.1/../../../../arm-none-eabi/lib/thumb/v7-m/nofp\libc_nano.a(lib_a-mlock.o)
 .ARM.attributes
                0x0000000000000800       0x2d c:/st/stm32cubeide_1.7.0/stm32cubeide/plugins/com.st.stm32cube.ide.mcu.externaltools.gnu-tools-for-stm32.9-2020-q2-update.win32_2.0.0.202105311346/tools/bin/../lib/gcc/arm-none-eabi/9.3.1/../../../../arm-none-eabi/lib/thumb/v7-m/nofp\libc_nano.a(lib_a-readr.o)
 .ARM.attributes
                0x000000000000082d       0x2d c:/st/stm32cubeide_1.7.0/stm32cubeide/plugins/com.st.stm32cube.ide.mcu.externaltools.gnu-tools-for-stm32.9-2020-q2-update.win32_2.0.0.202105311346/tools/bin/../lib/gcc/arm-none-eabi/9.3.1/../../../../arm-none-eabi/lib/thumb/v7-m/nofp\libc_nano.a(lib_a-reent.o)
 .ARM.attributes
                0x000000000000085a       0x1d c:/st/stm32cubeide_1.7.0/stm32cubeide/plugins/com.st.stm32cube.ide.mcu.externaltools.gnu-tools-for-stm32.9-2020-q2-update.win32_2.0.0.202105311346/tools/bin/../lib/gcc/arm-none-eabi/9.3.1/thumb/v7-m/nofp/crtn.o
OUTPUT(mcu_lab3.elf elf32-littlearm)
LOAD linker stubs
LOAD c:/st/stm32cubeide_1.7.0/stm32cubeide/plugins/com.st.stm32cube.ide.mcu.externaltools.gnu-tools-for-stm32.9-2020-q2-update.win32_2.0.0.202105311346/tools/bin/../lib/gcc/arm-none-eabi/9.3.1/../../../../arm-none-eabi/lib/thumb/v7-m/nofp\libc.a
LOAD c:/st/stm32cubeide_1.7.0/stm32cubeide/plugins/com.st.stm32cube.ide.mcu.externaltools.gnu-tools-for-stm32.9-2020-q2-update.win32_2.0.0.202105311346/tools/bin/../lib/gcc/arm-none-eabi/9.3.1/../../../../arm-none-eabi/lib/thumb/v7-m/nofp\libm.a
LOAD c:/st/stm32cubeide_1.7.0/stm32cubeide/plugins/com.st.stm32cube.ide.mcu.externaltools.gnu-tools-for-stm32.9-2020-q2-update.win32_2.0.0.202105311346/tools/bin/../lib/gcc/arm-none-eabi/9.3.1/thumb/v7-m/nofp\libgcc.a

.debug_info     0x0000000000000000     0xf2f4
 .debug_info    0x0000000000000000      0x262 ./Core/Src/global.o
 .debug_info    0x0000000000000262      0xbc7 ./Core/Src/input_processing.o
 .debug_info    0x0000000000000e29      0x3f9 ./Core/Src/input_reading.o
 .debug_info    0x0000000000001222      0x371 ./Core/Src/led7seg.o
 .debug_info    0x0000000000001593     0x172e ./Core/Src/main.o
 .debug_info    0x0000000000002cc1      0x661 ./Core/Src/output_display.o
 .debug_info    0x0000000000003322      0x21d ./Core/Src/software_timer.o
 .debug_info    0x000000000000353f      0xdaf ./Core/Src/stm32f1xx_hal_msp.o
 .debug_info    0x00000000000042ee      0x7b4 ./Core/Src/stm32f1xx_it.o
 .debug_info    0x0000000000004aa2      0xfa8 ./Core/Src/syscalls.o
 .debug_info    0x0000000000005a4a      0xa25 ./Core/Src/sysmem.o
 .debug_info    0x000000000000646f      0x2be ./Core/Src/system_stm32f1xx.o
 .debug_info    0x000000000000672d      0x7ec ./Core/Src/timer.o
 .debug_info    0x0000000000006f19      0xbec ./Core/Src/traffic_light_processing.o
 .debug_info    0x0000000000007b05       0x22 ./Core/Startup/startup_stm32f103c6ux.o
 .debug_info    0x0000000000007b27      0x74c ./Drivers/STM32F1xx_HAL_Driver/Src/stm32f1xx_hal.o
 .debug_info    0x0000000000008273      0xbbe ./Drivers/STM32F1xx_HAL_Driver/Src/stm32f1xx_hal_cortex.o
 .debug_info    0x0000000000008e31      0x701 ./Drivers/STM32F1xx_HAL_Driver/Src/stm32f1xx_hal_gpio.o
 .debug_info    0x0000000000009532      0x88e ./Drivers/STM32F1xx_HAL_Driver/Src/stm32f1xx_hal_rcc.o
 .debug_info    0x0000000000009dc0     0x2a45 ./Drivers/STM32F1xx_HAL_Driver/Src/stm32f1xx_hal_tim.o
 .debug_info    0x000000000000c805     0x14d5 ./Drivers/STM32F1xx_HAL_Driver/Src/stm32f1xx_hal_tim_ex.o
 .debug_info    0x000000000000dcda     0x161a ./Drivers/STM32F1xx_HAL_Driver/Src/stm32f1xx_hal_uart.o

.debug_abbrev   0x0000000000000000     0x278b
 .debug_abbrev  0x0000000000000000       0xa9 ./Core/Src/global.o
 .debug_abbrev  0x00000000000000a9      0x208 ./Core/Src/input_processing.o
 .debug_abbrev  0x00000000000002b1      0x15b ./Core/Src/input_reading.o
 .debug_abbrev  0x000000000000040c      0x1b6 ./Core/Src/led7seg.o
 .debug_abbrev  0x00000000000005c2      0x2b0 ./Core/Src/main.o
 .debug_abbrev  0x0000000000000872      0x16f ./Core/Src/output_display.o
 .debug_abbrev  0x00000000000009e1       0xb6 ./Core/Src/software_timer.o
 .debug_abbrev  0x0000000000000a97      0x1c8 ./Core/Src/stm32f1xx_hal_msp.o
 .debug_abbrev  0x0000000000000c5f      0x176 ./Core/Src/stm32f1xx_it.o
 .debug_abbrev  0x0000000000000dd5      0x286 ./Core/Src/syscalls.o
 .debug_abbrev  0x000000000000105b      0x1bf ./Core/Src/sysmem.o
 .debug_abbrev  0x000000000000121a      0x14e ./Core/Src/system_stm32f1xx.o
 .debug_abbrev  0x0000000000001368      0x16f ./Core/Src/timer.o
 .debug_abbrev  0x00000000000014d7      0x1f8 ./Core/Src/traffic_light_processing.o
 .debug_abbrev  0x00000000000016cf       0x12 ./Core/Startup/startup_stm32f103c6ux.o
 .debug_abbrev  0x00000000000016e1      0x1ed ./Drivers/STM32F1xx_HAL_Driver/Src/stm32f1xx_hal.o
 .debug_abbrev  0x00000000000018ce      0x313 ./Drivers/STM32F1xx_HAL_Driver/Src/stm32f1xx_hal_cortex.o
 .debug_abbrev  0x0000000000001be1      0x1e8 ./Drivers/STM32F1xx_HAL_Driver/Src/stm32f1xx_hal_gpio.o
 .debug_abbrev  0x0000000000001dc9      0x273 ./Drivers/STM32F1xx_HAL_Driver/Src/stm32f1xx_hal_rcc.o
 .debug_abbrev  0x000000000000203c      0x25e ./Drivers/STM32F1xx_HAL_Driver/Src/stm32f1xx_hal_tim.o
 .debug_abbrev  0x000000000000229a      0x266 ./Drivers/STM32F1xx_HAL_Driver/Src/stm32f1xx_hal_tim_ex.o
 .debug_abbrev  0x0000000000002500      0x28b ./Drivers/STM32F1xx_HAL_Driver/Src/stm32f1xx_hal_uart.o

.debug_aranges  0x0000000000000000      0xd98
 .debug_aranges
                0x0000000000000000       0x18 ./Core/Src/global.o
 .debug_aranges
                0x0000000000000018       0x28 ./Core/Src/input_processing.o
 .debug_aranges
                0x0000000000000040       0x30 ./Core/Src/input_reading.o
 .debug_aranges
                0x0000000000000070       0x48 ./Core/Src/led7seg.o
 .debug_aranges
                0x00000000000000b8       0x48 ./Core/Src/main.o
 .debug_aranges
                0x0000000000000100       0x20 ./Core/Src/output_display.o
 .debug_aranges
                0x0000000000000120       0x50 ./Core/Src/software_timer.o
 .debug_aranges
                0x0000000000000170       0x40 ./Core/Src/stm32f1xx_hal_msp.o
 .debug_aranges
                0x00000000000001b0       0x68 ./Core/Src/stm32f1xx_it.o
 .debug_aranges
                0x0000000000000218       0xa8 ./Core/Src/syscalls.o
 .debug_aranges
                0x00000000000002c0       0x20 ./Core/Src/sysmem.o
 .debug_aranges
                0x00000000000002e0       0x28 ./Core/Src/system_stm32f1xx.o
 .debug_aranges
                0x0000000000000308       0x20 ./Core/Src/timer.o
 .debug_aranges
                0x0000000000000328       0x48 ./Core/Src/traffic_light_processing.o
 .debug_aranges
                0x0000000000000370       0x28 ./Core/Startup/startup_stm32f103c6ux.o
 .debug_aranges
                0x0000000000000398       0xe0 ./Drivers/STM32F1xx_HAL_Driver/Src/stm32f1xx_hal.o
 .debug_aranges
                0x0000000000000478      0x100 ./Drivers/STM32F1xx_HAL_Driver/Src/stm32f1xx_hal_cortex.o
 .debug_aranges
                0x0000000000000578       0x58 ./Drivers/STM32F1xx_HAL_Driver/Src/stm32f1xx_hal_gpio.o
 .debug_aranges
                0x00000000000005d0       0x90 ./Drivers/STM32F1xx_HAL_Driver/Src/stm32f1xx_hal_rcc.o
 .debug_aranges
                0x0000000000000660      0x3d0 ./Drivers/STM32F1xx_HAL_Driver/Src/stm32f1xx_hal_tim.o
 .debug_aranges
                0x0000000000000a30      0x168 ./Drivers/STM32F1xx_HAL_Driver/Src/stm32f1xx_hal_tim_ex.o
 .debug_aranges
                0x0000000000000b98      0x200 ./Drivers/STM32F1xx_HAL_Driver/Src/stm32f1xx_hal_uart.o

.debug_macro    0x0000000000000000    0x19497
 .debug_macro   0x0000000000000000      0x1ba ./Core/Src/global.o
 .debug_macro   0x00000000000001ba      0xa9c ./Core/Src/global.o
 .debug_macro   0x0000000000000c56       0x82 ./Core/Src/global.o
 .debug_macro   0x0000000000000cd8      0x21b ./Core/Src/global.o
 .debug_macro   0x0000000000000ef3       0x2e ./Core/Src/global.o
 .debug_macro   0x0000000000000f21       0x22 ./Core/Src/global.o
 .debug_macro   0x0000000000000f43       0x22 ./Core/Src/global.o
 .debug_macro   0x0000000000000f65       0x8e ./Core/Src/global.o
 .debug_macro   0x0000000000000ff3       0x51 ./Core/Src/global.o
 .debug_macro   0x0000000000001044      0x103 ./Core/Src/global.o
 .debug_macro   0x0000000000001147       0x6a ./Core/Src/global.o
 .debug_macro   0x00000000000011b1      0x1df ./Core/Src/global.o
 .debug_macro   0x0000000000001390       0x1c ./Core/Src/global.o
 .debug_macro   0x00000000000013ac       0x22 ./Core/Src/global.o
 .debug_macro   0x00000000000013ce       0xc3 ./Core/Src/global.o
 .debug_macro   0x0000000000001491      0xd23 ./Core/Src/global.o
 .debug_macro   0x00000000000021b4     0xde75 ./Core/Src/global.o
 .debug_macro   0x0000000000010029       0x6d ./Core/Src/global.o
 .debug_macro   0x0000000000010096     0x3468 ./Core/Src/global.o
 .debug_macro   0x00000000000134fe      0x174 ./Core/Src/global.o
 .debug_macro   0x0000000000013672       0x5c ./Core/Src/global.o
 .debug_macro   0x00000000000136ce      0x5be ./Core/Src/global.o
 .debug_macro   0x0000000000013c8c      0x1b7 ./Core/Src/global.o
 .debug_macro   0x0000000000013e43      0x1cb ./Core/Src/global.o
 .debug_macro   0x000000000001400e      0x114 ./Core/Src/global.o
 .debug_macro   0x0000000000014122      0x1b2 ./Core/Src/global.o
 .debug_macro   0x00000000000142d4       0x27 ./Core/Src/global.o
 .debug_macro   0x00000000000142fb      0x12f ./Core/Src/global.o
 .debug_macro   0x000000000001442a      0x1bc ./Core/Src/global.o
 .debug_macro   0x00000000000145e6       0x34 ./Core/Src/global.o
 .debug_macro   0x000000000001461a       0x3c ./Core/Src/global.o
 .debug_macro   0x0000000000014656       0x57 ./Core/Src/global.o
 .debug_macro   0x00000000000146ad       0x88 ./Core/Src/global.o
 .debug_macro   0x0000000000014735      0x183 ./Core/Src/global.o
 .debug_macro   0x00000000000148b8      0x141 ./Core/Src/global.o
 .debug_macro   0x00000000000149f9      0x8d1 ./Core/Src/global.o
 .debug_macro   0x00000000000152ca      0x279 ./Core/Src/global.o
 .debug_macro   0x0000000000015543       0x69 ./Core/Src/global.o
 .debug_macro   0x00000000000155ac      0x100 ./Core/Src/global.o
 .debug_macro   0x00000000000156ac      0x349 ./Core/Src/input_processing.o
 .debug_macro   0x00000000000159f5       0x16 ./Core/Src/input_processing.o
 .debug_macro   0x0000000000015a0b       0x1c ./Core/Src/input_processing.o
 .debug_macro   0x0000000000015a27       0x52 ./Core/Src/input_processing.o
 .debug_macro   0x0000000000015a79       0x18 ./Core/Src/input_processing.o
 .debug_macro   0x0000000000015a91       0x3c ./Core/Src/input_processing.o
 .debug_macro   0x0000000000015acd       0x34 ./Core/Src/input_processing.o
 .debug_macro   0x0000000000015b01       0x16 ./Core/Src/input_processing.o
 .debug_macro   0x0000000000015b17       0x35 ./Core/Src/input_processing.o
 .debug_macro   0x0000000000015b4c      0x333 ./Core/Src/input_processing.o
 .debug_macro   0x0000000000015e7f       0x10 ./Core/Src/input_processing.o
 .debug_macro   0x0000000000015e8f       0x16 ./Core/Src/input_processing.o
 .debug_macro   0x0000000000015ea5       0x43 ./Core/Src/input_processing.o
 .debug_macro   0x0000000000015ee8       0x34 ./Core/Src/input_processing.o
 .debug_macro   0x0000000000015f1c       0x10 ./Core/Src/input_processing.o
 .debug_macro   0x0000000000015f2c       0x58 ./Core/Src/input_processing.o
 .debug_macro   0x0000000000015f84       0x71 ./Core/Src/input_processing.o
 .debug_macro   0x0000000000015ff5       0x1c ./Core/Src/input_processing.o
 .debug_macro   0x0000000000016011      0x12a ./Core/Src/input_processing.o
 .debug_macro   0x000000000001613b       0x10 ./Core/Src/input_processing.o
 .debug_macro   0x000000000001614b       0x1c ./Core/Src/input_processing.o
 .debug_macro   0x0000000000016167       0x52 ./Core/Src/input_processing.o
 .debug_macro   0x00000000000161b9       0x22 ./Core/Src/input_processing.o
 .debug_macro   0x00000000000161db       0x10 ./Core/Src/input_processing.o
 .debug_macro   0x00000000000161eb       0x40 ./Core/Src/input_processing.o
 .debug_macro   0x000000000001622b       0xd5 ./Core/Src/input_processing.o
 .debug_macro   0x0000000000016300       0x1c ./Core/Src/input_processing.o
 .debug_macro   0x000000000001631c       0x3d ./Core/Src/input_processing.o
 .debug_macro   0x0000000000016359       0x16 ./Core/Src/input_processing.o
 .debug_macro   0x000000000001636f      0x145 ./Core/Src/input_processing.o
 .debug_macro   0x00000000000164b4      0x1e8 ./Core/Src/input_reading.o
 .debug_macro   0x000000000001669c      0x1c7 ./Core/Src/led7seg.o
 .debug_macro   0x0000000000016863      0x34d ./Core/Src/main.o
 .debug_macro   0x0000000000016bb0      0x1bb ./Core/Src/output_display.o
 .debug_macro   0x0000000000016d6b       0x1a ./Core/Src/software_timer.o
 .debug_macro   0x0000000000016d85      0x1b1 ./Core/Src/stm32f1xx_hal_msp.o
 .debug_macro   0x0000000000016f36      0x1bb ./Core/Src/stm32f1xx_it.o
 .debug_macro   0x00000000000170f1      0x24c ./Core/Src/syscalls.o
 .debug_macro   0x000000000001733d       0x4c ./Core/Src/syscalls.o
 .debug_macro   0x0000000000017389       0x94 ./Core/Src/syscalls.o
 .debug_macro   0x000000000001741d       0x57 ./Core/Src/syscalls.o
 .debug_macro   0x0000000000017474      0x339 ./Core/Src/syscalls.o
 .debug_macro   0x00000000000177ad       0x10 ./Core/Src/syscalls.o
 .debug_macro   0x00000000000177bd       0x10 ./Core/Src/syscalls.o
 .debug_macro   0x00000000000177cd       0x10 ./Core/Src/syscalls.o
 .debug_macro   0x00000000000177dd       0x35 ./Core/Src/syscalls.o
 .debug_macro   0x0000000000017812      0x12c ./Core/Src/syscalls.o
 .debug_macro   0x000000000001793e       0x16 ./Core/Src/syscalls.o
 .debug_macro   0x0000000000017954       0x16 ./Core/Src/syscalls.o
 .debug_macro   0x000000000001796a       0x29 ./Core/Src/syscalls.o
 .debug_macro   0x0000000000017993       0x10 ./Core/Src/syscalls.o
 .debug_macro   0x00000000000179a3      0x241 ./Core/Src/syscalls.o
 .debug_macro   0x0000000000017be4       0x1c ./Core/Src/syscalls.o
 .debug_macro   0x0000000000017c00       0x10 ./Core/Src/syscalls.o
 .debug_macro   0x0000000000017c10      0x189 ./Core/Src/syscalls.o
 .debug_macro   0x0000000000017d99       0x16 ./Core/Src/syscalls.o
 .debug_macro   0x0000000000017daf       0xce ./Core/Src/syscalls.o
 .debug_macro   0x0000000000017e7d       0xff ./Core/Src/sysmem.o
 .debug_macro   0x0000000000017f7c      0x23b ./Core/Src/sysmem.o
 .debug_macro   0x00000000000181b7      0x1a2 ./Core/Src/system_stm32f1xx.o
 .debug_macro   0x0000000000018359      0x1ea ./Core/Src/timer.o
 .debug_macro   0x0000000000018543      0x343 ./Core/Src/traffic_light_processing.o
 .debug_macro   0x0000000000018886      0x1c6 ./Drivers/STM32F1xx_HAL_Driver/Src/stm32f1xx_hal.o
 .debug_macro   0x0000000000018a4c      0x1a2 ./Drivers/STM32F1xx_HAL_Driver/Src/stm32f1xx_hal_cortex.o
 .debug_macro   0x0000000000018bee      0x20d ./Drivers/STM32F1xx_HAL_Driver/Src/stm32f1xx_hal_gpio.o
 .debug_macro   0x0000000000018dfb      0x1b4 ./Drivers/STM32F1xx_HAL_Driver/Src/stm32f1xx_hal_rcc.o
 .debug_macro   0x0000000000018faf      0x1a3 ./Drivers/STM32F1xx_HAL_Driver/Src/stm32f1xx_hal_tim.o
 .debug_macro   0x0000000000019152      0x1a2 ./Drivers/STM32F1xx_HAL_Driver/Src/stm32f1xx_hal_tim_ex.o
 .debug_macro   0x00000000000192f4      0x1a3 ./Drivers/STM32F1xx_HAL_Driver/Src/stm32f1xx_hal_uart.o

.debug_line     0x0000000000000000     0xf595
 .debug_line    0x0000000000000000      0x665 ./Core/Src/global.o
 .debug_line    0x0000000000000665      0xa04 ./Core/Src/input_processing.o
 .debug_line    0x0000000000001069      0x74f ./Core/Src/input_reading.o
 .debug_line    0x00000000000017b8      0x773 ./Core/Src/led7seg.o
 .debug_line    0x0000000000001f2b      0xa2c ./Core/Src/main.o
 .debug_line    0x0000000000002957      0x68f ./Core/Src/output_display.o
 .debug_line    0x0000000000002fe6      0x177 ./Core/Src/software_timer.o
 .debug_line    0x000000000000315d      0x70c ./Core/Src/stm32f1xx_hal_msp.o
 .debug_line    0x0000000000003869      0x757 ./Core/Src/stm32f1xx_it.o
 .debug_line    0x0000000000003fc0      0x802 ./Core/Src/syscalls.o
 .debug_line    0x00000000000047c2      0x4f8 ./Core/Src/sysmem.o
 .debug_line    0x0000000000004cba      0x6fb ./Core/Src/system_stm32f1xx.o
 .debug_line    0x00000000000053b5      0x6cf ./Core/Src/timer.o
 .debug_line    0x0000000000005a84      0xacc ./Core/Src/traffic_light_processing.o
 .debug_line    0x0000000000006550       0x87 ./Core/Startup/startup_stm32f103c6ux.o
 .debug_line    0x00000000000065d7      0x928 ./Drivers/STM32F1xx_HAL_Driver/Src/stm32f1xx_hal.o
 .debug_line    0x0000000000006eff      0xb10 ./Drivers/STM32F1xx_HAL_Driver/Src/stm32f1xx_hal_cortex.o
 .debug_line    0x0000000000007a0f      0x9a9 ./Drivers/STM32F1xx_HAL_Driver/Src/stm32f1xx_hal_gpio.o
 .debug_line    0x00000000000083b8      0xd36 ./Drivers/STM32F1xx_HAL_Driver/Src/stm32f1xx_hal_rcc.o
 .debug_line    0x00000000000090ee     0x3286 ./Drivers/STM32F1xx_HAL_Driver/Src/stm32f1xx_hal_tim.o
 .debug_line    0x000000000000c374     0x181e ./Drivers/STM32F1xx_HAL_Driver/Src/stm32f1xx_hal_tim_ex.o
 .debug_line    0x000000000000db92     0x1a03 ./Drivers/STM32F1xx_HAL_Driver/Src/stm32f1xx_hal_uart.o

.debug_str      0x0000000000000000    0x8a0ea
 .debug_str     0x0000000000000000    0x81221 ./Core/Src/global.o
                                      0x81567 (size before relaxing)
 .debug_str     0x0000000000081221     0x4222 ./Core/Src/input_processing.o
                                      0x85817 (size before relaxing)
 .debug_str     0x0000000000085443      0x1af ./Core/Src/input_reading.o
                                      0x81756 (size before relaxing)
 .debug_str     0x00000000000855f2       0x6d ./Core/Src/led7seg.o
                                      0x81630 (size before relaxing)
 .debug_str     0x000000000008565f      0x8b0 ./Core/Src/main.o
                                      0x86106 (size before relaxing)
 .debug_str     0x0000000000085f0f       0x1d ./Core/Src/output_display.o
                                      0x8178c (size before relaxing)
 .debug_str     0x0000000000085f2c       0xb8 ./Core/Src/software_timer.o
                                       0x2ed6 (size before relaxing)
 .debug_str     0x0000000000085fe4      0x2e4 ./Core/Src/stm32f1xx_hal_msp.o
                                      0x81e00 (size before relaxing)
 .debug_str     0x00000000000862c8       0xcd ./Core/Src/stm32f1xx_it.o
                                      0x8190c (size before relaxing)
 .debug_str     0x0000000000086395     0x176a ./Core/Src/syscalls.o
                                       0x8e87 (size before relaxing)
 .debug_str     0x0000000000087aff       0x6b ./Core/Src/sysmem.o
                                       0x625a (size before relaxing)
 .debug_str     0x0000000000087b6a       0x52 ./Core/Src/system_stm32f1xx.o
                                      0x810c7 (size before relaxing)
 .debug_str     0x0000000000087bbc       0x45 ./Core/Src/timer.o
                                      0x81b77 (size before relaxing)
 .debug_str     0x0000000000087c01       0xa6 ./Core/Src/traffic_light_processing.o
                                      0x8581d (size before relaxing)
 .debug_str     0x0000000000087ca7       0x36 ./Core/Startup/startup_stm32f103c6ux.o
                                         0x6e (size before relaxing)
 .debug_str     0x0000000000087cdd      0x2ff ./Drivers/STM32F1xx_HAL_Driver/Src/stm32f1xx_hal.o
                                      0x8171e (size before relaxing)
 .debug_str     0x0000000000087fdc      0x300 ./Drivers/STM32F1xx_HAL_Driver/Src/stm32f1xx_hal_cortex.o
                                      0x81726 (size before relaxing)
 .debug_str     0x00000000000882dc      0x316 ./Drivers/STM32F1xx_HAL_Driver/Src/stm32f1xx_hal_gpio.o
                                      0x8148b (size before relaxing)
 .debug_str     0x00000000000885f2      0x24f ./Drivers/STM32F1xx_HAL_Driver/Src/stm32f1xx_hal_rcc.o
                                      0x814c4 (size before relaxing)
 .debug_str     0x0000000000088841      0xdce ./Drivers/STM32F1xx_HAL_Driver/Src/stm32f1xx_hal_tim.o
                                      0x82496 (size before relaxing)
 .debug_str     0x000000000008960f      0x4ee ./Drivers/STM32F1xx_HAL_Driver/Src/stm32f1xx_hal_tim_ex.o
                                      0x81c47 (size before relaxing)
 .debug_str     0x0000000000089afd      0x5ed ./Drivers/STM32F1xx_HAL_Driver/Src/stm32f1xx_hal_uart.o
                                      0x81ab6 (size before relaxing)

.comment        0x0000000000000000       0x53
 .comment       0x0000000000000000       0x53 ./Core/Src/global.o
                                         0x54 (size before relaxing)
 .comment       0x0000000000000053       0x54 ./Core/Src/input_processing.o
 .comment       0x0000000000000053       0x54 ./Core/Src/input_reading.o
 .comment       0x0000000000000053       0x54 ./Core/Src/led7seg.o
 .comment       0x0000000000000053       0x54 ./Core/Src/main.o
 .comment       0x0000000000000053       0x54 ./Core/Src/output_display.o
 .comment       0x0000000000000053       0x54 ./Core/Src/software_timer.o
 .comment       0x0000000000000053       0x54 ./Core/Src/stm32f1xx_hal_msp.o
 .comment       0x0000000000000053       0x54 ./Core/Src/stm32f1xx_it.o
 .comment       0x0000000000000053       0x54 ./Core/Src/syscalls.o
 .comment       0x0000000000000053       0x54 ./Core/Src/sysmem.o
 .comment       0x0000000000000053       0x54 ./Core/Src/system_stm32f1xx.o
 .comment       0x0000000000000053       0x54 ./Core/Src/timer.o
 .comment       0x0000000000000053       0x54 ./Core/Src/traffic_light_processing.o
 .comment       0x0000000000000053       0x54 ./Drivers/STM32F1xx_HAL_Driver/Src/stm32f1xx_hal.o
 .comment       0x0000000000000053       0x54 ./Drivers/STM32F1xx_HAL_Driver/Src/stm32f1xx_hal_cortex.o
 .comment       0x0000000000000053       0x54 ./Drivers/STM32F1xx_HAL_Driver/Src/stm32f1xx_hal_gpio.o
 .comment       0x0000000000000053       0x54 ./Drivers/STM32F1xx_HAL_Driver/Src/stm32f1xx_hal_rcc.o
 .comment       0x0000000000000053       0x54 ./Drivers/STM32F1xx_HAL_Driver/Src/stm32f1xx_hal_tim.o
 .comment       0x0000000000000053       0x54 ./Drivers/STM32F1xx_HAL_Driver/Src/stm32f1xx_hal_tim_ex.o
 .comment       0x0000000000000053       0x54 ./Drivers/STM32F1xx_HAL_Driver/Src/stm32f1xx_hal_uart.o

.debug_ranges   0x0000000000000000      0xc68
 .debug_ranges  0x0000000000000000       0x18 ./Core/Src/input_processing.o
 .debug_ranges  0x0000000000000018       0x20 ./Core/Src/input_reading.o
 .debug_ranges  0x0000000000000038       0x38 ./Core/Src/led7seg.o
 .debug_ranges  0x0000000000000070       0x38 ./Core/Src/main.o
 .debug_ranges  0x00000000000000a8       0x10 ./Core/Src/output_display.o
 .debug_ranges  0x00000000000000b8       0x40 ./Core/Src/software_timer.o
 .debug_ranges  0x00000000000000f8       0x30 ./Core/Src/stm32f1xx_hal_msp.o
 .debug_ranges  0x0000000000000128       0x58 ./Core/Src/stm32f1xx_it.o
 .debug_ranges  0x0000000000000180       0x98 ./Core/Src/syscalls.o
 .debug_ranges  0x0000000000000218       0x10 ./Core/Src/sysmem.o
 .debug_ranges  0x0000000000000228       0x18 ./Core/Src/system_stm32f1xx.o
 .debug_ranges  0x0000000000000240       0x10 ./Core/Src/timer.o
 .debug_ranges  0x0000000000000250       0x38 ./Core/Src/traffic_light_processing.o
 .debug_ranges  0x0000000000000288       0x20 ./Core/Startup/startup_stm32f103c6ux.o
 .debug_ranges  0x00000000000002a8       0xd0 ./Drivers/STM32F1xx_HAL_Driver/Src/stm32f1xx_hal.o
 .debug_ranges  0x0000000000000378       0xf0 ./Drivers/STM32F1xx_HAL_Driver/Src/stm32f1xx_hal_cortex.o
 .debug_ranges  0x0000000000000468       0x48 ./Drivers/STM32F1xx_HAL_Driver/Src/stm32f1xx_hal_gpio.o
 .debug_ranges  0x00000000000004b0       0x80 ./Drivers/STM32F1xx_HAL_Driver/Src/stm32f1xx_hal_rcc.o
 .debug_ranges  0x0000000000000530      0x3c0 ./Drivers/STM32F1xx_HAL_Driver/Src/stm32f1xx_hal_tim.o
 .debug_ranges  0x00000000000008f0      0x158 ./Drivers/STM32F1xx_HAL_Driver/Src/stm32f1xx_hal_tim_ex.o
 .debug_ranges  0x0000000000000a48      0x220 ./Drivers/STM32F1xx_HAL_Driver/Src/stm32f1xx_hal_uart.o

.debug_frame    0x0000000000000000     0x3c58
 .debug_frame   0x0000000000000000       0x48 ./Core/Src/input_processing.o
 .debug_frame   0x0000000000000048       0x84 ./Core/Src/input_reading.o
 .debug_frame   0x00000000000000cc       0xd4 ./Core/Src/led7seg.o
 .debug_frame   0x00000000000001a0       0xcc ./Core/Src/main.o
 .debug_frame   0x000000000000026c       0x34 ./Core/Src/output_display.o
 .debug_frame   0x00000000000002a0      0x118 ./Core/Src/software_timer.o
 .debug_frame   0x00000000000003b8       0xc8 ./Core/Src/stm32f1xx_hal_msp.o
 .debug_frame   0x0000000000000480      0x120 ./Core/Src/stm32f1xx_it.o
 .debug_frame   0x00000000000005a0      0x2ac ./Core/Src/syscalls.o
 .debug_frame   0x000000000000084c       0x34 ./Core/Src/sysmem.o
 .debug_frame   0x0000000000000880       0x58 ./Core/Src/system_stm32f1xx.o
 .debug_frame   0x00000000000008d8       0x34 ./Core/Src/timer.o
 .debug_frame   0x000000000000090c       0xbc ./Core/Src/traffic_light_processing.o
 .debug_frame   0x00000000000009c8      0x334 ./Drivers/STM32F1xx_HAL_Driver/Src/stm32f1xx_hal.o
 .debug_frame   0x0000000000000cfc      0x428 ./Drivers/STM32F1xx_HAL_Driver/Src/stm32f1xx_hal_cortex.o
 .debug_frame   0x0000000000001124      0x14c ./Drivers/STM32F1xx_HAL_Driver/Src/stm32f1xx_hal_gpio.o
 .debug_frame   0x0000000000001270      0x21c ./Drivers/STM32F1xx_HAL_Driver/Src/stm32f1xx_hal_rcc.o
 .debug_frame   0x000000000000148c     0x11b8 ./Drivers/STM32F1xx_HAL_Driver/Src/stm32f1xx_hal_tim.o
 .debug_frame   0x0000000000002644      0x638 ./Drivers/STM32F1xx_HAL_Driver/Src/stm32f1xx_hal_tim_ex.o
 .debug_frame   0x0000000000002c7c      0x914 ./Drivers/STM32F1xx_HAL_Driver/Src/stm32f1xx_hal_uart.o
 .debug_frame   0x0000000000003590       0x20 c:/st/stm32cubeide_1.7.0/stm32cubeide/plugins/com.st.stm32cube.ide.mcu.externaltools.gnu-tools-for-stm32.9-2020-q2-update.win32_2.0.0.202105311346/tools/bin/../lib/gcc/arm-none-eabi/9.3.1/../../../../arm-none-eabi/lib/thumb/v7-m/nofp\libc_nano.a(lib_a-errno.o)
 .debug_frame   0x00000000000035b0       0x2c c:/st/stm32cubeide_1.7.0/stm32cubeide/plugins/com.st.stm32cube.ide.mcu.externaltools.gnu-tools-for-stm32.9-2020-q2-update.win32_2.0.0.202105311346/tools/bin/../lib/gcc/arm-none-eabi/9.3.1/../../../../arm-none-eabi/lib/thumb/v7-m/nofp\libc_nano.a(lib_a-init.o)
 .debug_frame   0x00000000000035dc       0x20 c:/st/stm32cubeide_1.7.0/stm32cubeide/plugins/com.st.stm32cube.ide.mcu.externaltools.gnu-tools-for-stm32.9-2020-q2-update.win32_2.0.0.202105311346/tools/bin/../lib/gcc/arm-none-eabi/9.3.1/../../../../arm-none-eabi/lib/thumb/v7-m/nofp\libc_nano.a(lib_a-memset.o)
 .debug_frame   0x00000000000035fc       0x3c c:/st/stm32cubeide_1.7.0/stm32cubeide/plugins/com.st.stm32cube.ide.mcu.externaltools.gnu-tools-for-stm32.9-2020-q2-update.win32_2.0.0.202105311346/tools/bin/../lib/gcc/arm-none-eabi/9.3.1/../../../../arm-none-eabi/lib/thumb/v7-m/nofp\libc_nano.a(lib_a-puts.o)