00:27:43 **** Incremental Build of configuration Debug for project mcu_lab3 ****
make -j8 all 
arm-none-eabi-gcc "../Core/Src/input_processing.c" -mcpu=cortex-m3 -std=gnu11 -g3 -DDEBUG -DUSE_HAL_DRIVER -DSTM32F103x6 -c -I../Core/Inc -I../Drivers/STM32F1xx_HAL_Driver/Inc -I../Drivers/STM32F1xx_HAL_Driver/Inc/Legacy -I../Drivers/CMSIS/Device/ST/STM32F1xx/Include -I../Drivers/CMSIS/Include -O0 -ffunction-sections -fdata-sections -Wall -fstack-usage -MMD -MP -MF"Core/Src/input_processing.d" -MT"Core/Src/input_processing.o" --specs=nano.specs -mfloat-abi=soft -mthumb -o "Core/Src/input_processing.o"
arm-none-eabi-gcc -o "mcu_lab3.elf" @"objects.list"   -mcpu=cortex-m3 -T"C:\Users\nguye\Documents\GitHub\MCU-Lab3\mcu_lab3\STM32F103C6UX_FLASH.ld" --specs=nosys.specs -Wl,-Map="mcu_lab3.map" -Wl,--gc-sections -static --specs=nano.specs -mfloat-abi=soft -mthumb -Wl,--start-group -lc -lm -Wl,--end-group
Finished building target: mcu_lab3.elf
 
arm-none-eabi-size   mcu_lab3.elf 
arm-none-eabi-objdump -h -S  mcu_lab3.elf  > "mcu_lab3.list"
arm-none-eabi-objcopy  -O ihex  mcu_lab3.elf  "mcu_lab3.hex"
arm-none-eabi-objcopy  -O binary  mcu_lab3.elf  "mcu_lab3.bin"
   text	   data	    bss	    dec	    hex	filename
  14800	    176	   1832	  16808	   41a8	mcu_lab3.elf
Finished building: default.size.stdout
 
Finished building: mcu_lab3.hex
Finished building: mcu_lab3.bin
 
 
Finished building: mcu_lab3.list
 

00:27:44 Build Finished. 0 errors, 0 warnings. (took 971ms)

